Welcome to the tree19 hexadecapole N-body integrator running on 8192 procs
Version 2HOT_nln-1.0.3-titan-31-gda91ba1-dirty
Compiled Feb 11 2014 23:06:10
Compiler 4.8.2 20131016 (Cray Inc.)
Arch cudaxk7
Saving phi and acc
Bodies cache their key
Node 0 is nid12925
cfile "run2.ctl" opened
Putting all Msgs in memfile
Compute 3.5 CUDA device: [Tesla K20X]
Setting timeout to 14400 seconds.
Reading "ds13_n_4000_4096.sdf"
     SDFread      93.90      94.00      93.91
read 68719476736 x 36 at 26343 MB/s
double H0 = 0.0685674
double Omega0 = 1
double Omega0_m = 0.31834
double Omega0_r = 0
double redshift = 80.2421
double Omega0_lambda = 0.68166
double velfac = 1
Maxmem after data read is 618 (53409)
float errtol = 6e-05;
float stol_max = 0;
float ptol_boost = 0;
float dt = 0.032;
double tpos = 0.0235328;
double tvel = 0.0235328;
int force_smoothing_type = 4;
float epsilon_mscale = 30;
int start_iter = 0;
int nsteps = 100000;
int nproc = 8192;
int do_Bmax = 0;
int do_BH = 0;
int do_Arel = 1;
int do_DL = 1;
float CWfac = 0.02;
float DLfac = 4.00;
float DLmax = 1e+09;
float frac_tol = 1e-07;
float frac_tol0 = 0.1;
int quad_ncut = 3;
int hexa_ncut = 7;
int geometric_center = 1;
int subtract_background = 1;
int mxn_hblock = 16777216;
int mxn_min_qsink = 384;
int mxn_min_hsink = 64;
int mxn_min_qsrc = 128;
int mxn_min_hsrc = 128;
int mxn_do_pQ = 1;
int mxn_do_pH = 1;
int body_size = 72;
int outbody_size = 52;
int cell_size = 40;
int quadcell_size = 80;
int hexacell_size = 160;
int cofm_size = 592;
int tbody_size = 16;
int hcell_size = 40;
int hash_bits = 21;
int memory_tune_MB = 0;
int identsort_output = 1;
int static_decomp = 1;
Checkpoint to ds13_n_4000_4096.nnnn, every 2000 steps or 15000 seconds
int timer_freq = 1;
float sort_tol = 0.0010;
int do_periodic = 1, nimage is 2;
int fix_cube_ewald_le = 1;
int cosmology = 1;
int light_cone = 0;
int Ztol = 1;
float comov_epsilon = 30.000000;
float comov_epsilon_Zmin = 0.000000;
float dt_hiz_tol = 0.040000;
int setpvel = 0;
int setdisplacement = 0;
float noise = 0.000000;
float R[0] = 2983137.750000;
float R[1] = 2983137.750000;
float R[2] = 2983137.750000;
Outputs at
  a      t
0.020  0.049
0.050  0.193
0.100  0.545
0.200  1.537
0.250  2.142
0.300  2.805
0.333  3.274
0.400  4.266
0.500  5.849
0.600  7.493
0.667  8.596
0.700  9.145
0.800 10.767
0.900 12.332
0.950 13.089
1.000 13.828
gnobj = 68719476736
mtot = 843442946048.000000
edge flux 0 0 0 plus 0 0 0 minus 0 0 0
BuildTree 618 (53409), tol=9.80532e-05
BuildTree done 1195 (53878)
FindForces
FindForces done 1414 (54031)
FreeTree done 691 (54031)
edge flux 0 0 0 plus 0 0 0 minus 0 0 0

tpos = 0.0235328, znow = 80.2421, iter = 0, size = 36719.1, eps = 0.851789
ke = 3.0379e+15, pe = -5.39726e+18, energy = -5.39423e+18
CM accel: (-0.182275 -0.224092 -0.148921): 0.324991
rms accel: 3589.85
      Timers        Min        Max       Mean
 Step (Wall)     466.80     466.80     466.80
  Step (CPU)     466.79     466.81     466.80
 Build Total     104.43     104.43     104.43
      PQSort      87.28      87.90      87.66
  PQSortComm      72.45      74.28      73.46
  PQSortWait       0.92      38.45      20.44
    Alltoall       0.01       0.03       0.02
   Alltoallv      35.01      72.42      53.36
      Decomp       0.00       0.00       0.00
  DecompComm       0.00       0.00       0.00
  DecompWait       0.00       0.00       0.00
        Sort       5.24       5.75       5.57
    MakeTree      16.33      16.59      16.42
 SharedCells       0.00       0.56       0.30
  SharedComm       0.00       0.00       0.00
  SharedWait       0.00       0.56       0.30
  Force Eval     346.62     348.72     348.00
   Smth Time       0.25       0.33       0.26
   Mono Time      11.87      13.71      13.06
   Quad Time      48.86      52.82      50.50
  QuadF Time       1.19      19.88       8.34
   Hexa Time      48.21      81.20      61.48
  HexaF Time       0.75      29.44      14.21
   Grav Time     135.07     162.51     148.93
    MAC Time      55.66      87.85      67.93
   CUDA Wait       9.86      24.56      17.85
  Walk Defer       4.96      10.50       7.12
    WalkTerm       2.10      69.06      40.59
      WalkNT     274.73     341.63     303.23
    Fix Cube       9.16       9.34       9.18
    Counters          Min          Max             Sum            Avg
PQSort Sends          255          257         2096902         255.97
PQSort Recvs          255          257         2096902         255.97
 PQSort Maxn      2359296      2359296     19327352832     2359296.00
   Body-smth      8387901      8389315     68719476736     8388608.00
   Body-mono   3579365282   4196987304  32597500170550  3979187032.54
   Body-quad   5717012344   6246519846  48512998738603  5921996916.33
  Body-quadF   7095582720   8785625088  64991411112120  7933521864.27
   Body-hexa   1730685486   3020757627  18339643074039  2238725961.19
  Body-hexaF   4368756736   5563080704  41041528180400  5009952170.46
         MAC    688865417   1006230996   6629510718907   809266445.18
      BB MAC     93339636    114929552    877168765012   107076265.26
  Cube Empty            0            0               0           0.00
   Cube Anti            0            0               0           0.00
   Cube Corr      4914626     10155835     55662090360     6794688.76
    Max smth            1            1            8192           1.00
 Smth cycles          662          861         5681398         693.53
 Mono cycles           70           74          587351          71.70
 Quad cycles          184          190         1532630         187.09
QuadF cycles            3           54          184151          22.48
 Hexa cycles          589          617         4950122         604.26
HexaF cycles            3          125          499163          60.93
     KNterms    102379574    121378898    907541266912   110783846.06
      Bodies      8387901      8389315     68719476736     8388608.00
 Local Cells            0         1660           28296           3.45
  Local Quad            0          396            5193           0.63
  Local Hexa      1198013      1198409      9817361335     1198408.37
       Cells            0         1838           32423           3.96
  Quad Cells            0          516            6825           0.83
  Hexa Cells      1553833      1574193     12812177351     1563986.49
     TBodies      1078640      1079528      8841089579     1079234.57
      Hcells     11021545     11042321     90372782914    11031833.85
Shared Cells        19584        19584       160432128       19584.00
    Requests       179316       181985      1479492757      180602.14
    Deferred       376400       384896      3113856395      380109.42
 Memory (MB)         1387         1414        11395306        1391.03
   Heap (MB)        53937        54031       441984185       53953.15
Avg nterms = 13206
BuildTree 691 (54031), tol=9.66885e-05
BuildTree done 1271 (54031)
FindForces
FindForces done 1414 (54072)
FreeTree done 1374 (54072)
edge flux 0 0 0 plus 0 0 0 minus 0 0 0

tpos = 0.0240328, znow = 79.1113, iter = 1, size = 37237.4, eps = 0.863812
ke = 3.08011e+15, pe = -5.30072e+18, energy = -5.29764e+18
CM accel: (-0.0196442 -0.0652707 0.0109198): 0.0690319
rms accel: 3539.84
      Timers        Min        Max       Mean
 Step (Wall)     384.51     384.55     384.52
  Step (CPU)     384.51     384.55     384.53
 Build Total      22.65      22.65      22.65
      PQSort       4.19       6.16       5.99
  PQSortComm       0.03       0.03       0.03
  PQSortWait       0.02       0.05       0.03
    Alltoall       0.01       0.03       0.02
   Alltoallv       0.00       0.00       0.00
      Decomp       0.00       0.00       0.00
  DecompComm       0.00       0.00       0.00
  DecompWait       0.00       0.00       0.00
        Sort       3.82       5.79       5.62
    MakeTree      16.30      16.56      16.41
 SharedCells       0.00       0.46       0.20
  SharedComm       0.00       0.00       0.00
  SharedWait       0.00       0.46       0.20
  Force Eval     346.13     348.22     347.43
   Smth Time       0.25       0.33       0.26
   Mono Time      11.68      13.43      12.82
   Quad Time      48.93      52.79      50.54
  QuadF Time       1.22      20.50       8.16
   Hexa Time      48.39      81.49      61.62
  HexaF Time       0.76      28.40      14.42
   Grav Time     135.20     163.27     148.90
    MAC Time      56.57      88.83      69.23
   CUDA Wait       8.83      24.50      17.85
  Walk Defer       4.74      10.26       7.12
    WalkTerm       1.99      67.21      40.41
      WalkNT     278.89     343.44     305.24
    Fix Cube       9.17       9.36       9.19
    Counters          Min          Max             Sum            Avg
PQSort Sends            0            1              28           0.00
PQSort Recvs            0            1              28           0.00
 PQSort Maxn            0         6048           17064           2.08
   Body-smth      8387817      8389399     68719476736     8388608.00
   Body-mono   3507903811   4104868128  31868583296824  3890207921.98
   Body-quad   5728746392   6252362167  48583895960823  5930651362.41
  Body-quadF   7086309376   8797618176  64991211293664  7933497472.37
   Body-hexa   1738686741   3038879689  18393368994664  2245284301.11
  Body-hexaF   4380512256   5595470048  41034871778624  5009139621.41
         MAC    700838449   1018316875   6741431792491   822928685.61
      BB MAC     90651940    111661064    850923136391   103872453.17
  Cube Empty            0            0               0           0.00
   Cube Anti            0            0               0           0.00
   Cube Corr      4938190     10206905     55906458081     6824518.81
    Max smth            1            1            8192           1.00
 Smth cycles          648          861         5651940         689.93
 Mono cycles           70           74          589874          72.01
 Quad cycles          184          190         1531905         187.00
QuadF cycles            3           55          179935          21.96
 Hexa cycles          588          616         4946443         603.81
HexaF cycles            3          127          506720          61.86
     KNterms    102326489    121508326    907448067921   110772469.23
      Bodies      8387817      8389399     68719476736     8388608.00
 Local Cells            0         1931           39978           4.88
  Local Quad            0          482            7319           0.89
  Local Hexa      1197927      1198409      9817359209     1198408.11
       Cells            0         2197           45769           5.59
  Quad Cells            0          636            9660           1.18
  Hexa Cells      1554009      1574233     12813175380     1564108.32
     TBodies      1078456      1079534      8840508520     1079163.64
      Hcells     11021625     11042337     90373216065    11031886.73
Shared Cells        19584        19584       160432128       19584.00
    Requests       179326       182050      1479546996      180608.76
    Deferred       376202       384598      3112122683      379897.79
 Memory (MB)         1386         1414        11395765        1391.08
   Heap (MB)        53937        54072       442044579       53960.52
Avg nterms = 13205
BuildTree 1374 (54072), tol=9.53702e-05
BuildTree done 1374 (54072)
FindForces
FindForces done 1415 (54091)
FreeTree done 1390 (54091)
edge flux 0 -2 0 plus 0 0 0 minus 0 2 0

tpos = 0.0245328, znow = 78.0191, iter = 2, size = 37752.1, eps = 0.875752
ke = 3.12203e+15, pe = -5.23404e+18, energy = -5.23092e+18
CM accel: (0.0227773 -0.0126985 0.0525417): 0.0586573
rms accel: 3491.59
      Timers        Min        Max       Mean
 Step (Wall)     386.78     386.82     386.79
  Step (CPU)     386.77     386.82     386.79
 Build Total      22.91      22.95      22.92
      PQSort       4.55       6.44       6.28
  PQSortComm       0.17       0.35       0.27
  PQSortWait       0.16       0.36       0.28
    Alltoall       0.01       0.16       0.08
   Alltoallv       0.00       0.00       0.00
      Decomp       0.00       0.00       0.00
  DecompComm       0.00       0.00       0.00
  DecompWait       0.00       0.00       0.00
        Sort       3.87       5.76       5.60
    MakeTree      15.83      16.52      16.25
 SharedCells       0.00       0.87       0.34
  SharedComm       0.00       0.03       0.00
  SharedWait       0.00       0.87       0.34
  Force Eval     347.89     350.13     349.35
   Smth Time       0.25       0.34       0.26
   Mono Time      11.50      13.19      12.58
   Quad Time      48.95      52.81      50.59
  QuadF Time       1.21      19.78       8.11
   Hexa Time      48.52      81.76      61.75
  HexaF Time       0.77      28.76      14.47
   Grav Time     133.08     162.75     148.85
    MAC Time      57.93      90.31      70.85
   CUDA Wait      10.03      24.28      17.86
  Walk Defer       5.10      10.40       7.18
    WalkTerm       2.22      70.02      40.17
      WalkNT     278.10     344.79     307.39
    Fix Cube       9.17       9.36       9.18
    Counters          Min          Max             Sum            Avg
PQSort Sends            0            1              32           0.00
PQSort Recvs            0            1              32           0.00
 PQSort Maxn            0         6048           18864           2.30
   Body-smth      8387733      8389483     68719476736     8388608.00
   Body-mono   3440735720   4014820320  31166967323819  3804561440.90
   Body-quad   5739625104   6258456607  48655472415508  5939388722.60
  Body-quadF   7085588480   8789131264  64997216160024  7934230488.28
   Body-hexa   1746611702   3050817482  18452184603439  2252463940.85
  Body-hexaF   4382044160   5594745056  41020600420176  5007397512.23
         MAC    712816881   1029830581   6849797467842   836156917.46
      BB MAC     88132370    108433184    825723567586   100796333.93
  Cube Empty            0            0               0           0.00
   Cube Anti            0            0               0           0.00
   Cube Corr      4962091     10256351     56150676984     6854330.69
    Max smth            1            1            8192           1.00
 Smth cycles          647          888         5640512         688.54
 Mono cycles           71           75          591993          72.26
 Quad cycles          184          189         1530961         186.88
QuadF cycles            3           53          178934          21.84
 Hexa cycles          588          615         4940849         603.13
HexaF cycles            3          126          509062          62.14
     KNterms    102308743    121506327    907380094148   110764171.65
      Bodies      8387733      8389483     68719476736     8388608.00
 Local Cells            0         2235           56080           6.85
  Local Quad            0          548           10291           1.26
  Local Hexa      1197861      1198409      9817356237     1198407.74
       Cells            0         2548           64112           7.83
  Quad Cells            0          743           13546           1.65
  Hexa Cells      1554185      1574281     12814154134     1564227.80
     TBodies      1078232      1079559      8839850038     1079083.26
      Hcells     11021641     11042385     90373558566    11031928.54
Shared Cells        19584        19584       160432128       19584.00
    Requests       179328       182122      1479589876      180614.00
    Deferred       375822       384709      3110713654      379725.79
 Memory (MB)         1386         1415        11400206        1391.63
   Heap (MB)        53937        54091       442085245       53965.48
Avg nterms = 13204
BuildTree 1390 (54091), tol=9.4096e-05
BuildTree done 1389 (54091)
FindForces
FindForces done 1415 (54103)
FreeTree done 1390 (54103)
edge flux -1 -8 0 plus 0 0 0 minus 1 8 0

tpos = 0.0250328, znow = 76.9634, iter = 3, size = 38263.3, eps = 0.887611
ke = 3.16368e+15, pe = -5.1788e+18, energy = -5.17564e+18
CM accel: (-0.116992 -0.177918 -0.092665): 0.232226
rms accel: 3444.97
      Timers        Min        Max       Mean
 Step (Wall)     388.29     388.34     388.31
  Step (CPU)     388.29     388.34     388.31
 Build Total      22.83      22.83      22.83
      PQSort       4.49       6.42       6.23
  PQSortComm       0.11       0.30       0.22
  PQSortWait       0.13       0.23       0.22
    Alltoall       0.08       0.11       0.09
   Alltoallv       0.00       0.00       0.00
      Decomp       0.00       0.00       0.00
  DecompComm       0.00       0.00       0.00
  DecompWait       0.00       0.00       0.00
        Sort       3.86       5.78       5.60
    MakeTree      15.83      16.50      16.26
 SharedCells       0.00       0.83       0.29
  SharedComm       0.00       0.00       0.00
  SharedWait       0.00       0.83       0.29
  Force Eval     349.39     351.63     350.86
   Smth Time       0.25       0.33       0.26
   Mono Time      11.38      12.94      12.35
   Quad Time      49.04      52.88      50.63
  QuadF Time       1.18      20.47       8.02
   Hexa Time      48.66      81.40      61.74
  HexaF Time       0.76      28.82      14.69
   Grav Time     134.44     163.05     148.78
    MAC Time      59.41      91.53      72.41
   CUDA Wait       8.91      24.37      17.93
  Walk Defer       5.08      10.55       7.24
    WalkTerm       2.21      67.26      39.64
      WalkNT     281.89     346.44     309.43
    Fix Cube       9.17       9.38       9.20
    Counters          Min          Max             Sum            Avg
PQSort Sends            0            1              33           0.00
PQSort Recvs            0            1              33           0.00
 PQSort Maxn            0         5904           24048           2.94
   Body-smth      8387651      8389565     68719476736     8388608.00
   Body-mono   3378137006   3927604040  30494368098504  3722457043.27
   Body-quad   5751397544   6264865655  48726837254822  5948100250.83
  Body-quadF   7102562304   8789983232  65028873155328  7938094867.59
   Body-hexa   1753734032   3041453526  18467970094475  2254390880.67
  Body-hexaF   4393508864   5599684832  41028983629792  5008420853.25
         MAC    724678545   1040573077   6954224331068   848904337.29
      BB MAC     85760202    105354472    801647924946    97857412.71
  Cube Empty            0            0               0           0.00
   Cube Anti            0            0               0           0.00
   Cube Corr      4986144     10304786     56394289285     6884068.52
    Max smth            1            1            8192           1.00
 Smth cycles          643          874         5630402         687.30
 Mono cycles           71           75          593976          72.51
 Quad cycles          184          190         1530068         186.78
QuadF cycles            3           55          176710          21.57
 Hexa cycles          588          614         4935780         602.51
HexaF cycles            3          127          516688          63.07
     KNterms    102264717    121463484    907234078766   110746347.51
      Bodies      8387651      8389565     68719476736     8388608.00
 Local Cells            0         2603           77334           9.44
  Local Quad            0          612           14258           1.74
  Local Hexa      1197797      1198409      9817352270     1198407.26
       Cells            0         2960           88086          10.75
  Quad Cells            0          842           18643           2.28
  Hexa Cells      1554329      1574377     12815120125     1564345.72
     TBodies      1078056      1079612      8839104571     1078992.26
      Hcells     11021697     11042725     90373808161    11031959.00
Shared Cells        19584        19584       160432128       19584.00
    Requests       179335       182166      1479620957      180617.79
    Deferred       375711       383888      3109613228      379591.46
 Memory (MB)         1386         1415        11405459        1392.27
   Heap (MB)        53937        54103       442116936       53969.35
Avg nterms = 13202
BuildTree 1390 (54103), tol=9.16706e-05
BuildTree done 1390 (54103)
FindForces
FindForces done 1415 (54115)
FreeTree done 1390 (54115)
edge flux -3 -14 0 plus 0 0 0 minus 3 14 0

tpos = 0.0260328, znow = 74.9538, iter = 4, size = 39275.7, eps = 0.911095
ke = 3.24616e+15, pe = -5.03968e+18, energy = -5.03643e+18
CM accel: (-0.0861913 -0.131487 -0.0586121): 0.167789
rms accel: 3356.17
      Timers        Min        Max       Mean
 Step (Wall)     391.09     391.25     391.13
  Step (CPU)     391.08     391.25     391.14
 Build Total      22.89      22.89      22.89
      PQSort       4.56       6.43       6.27
  PQSortComm       0.18       0.32       0.27
  PQSortWait       0.10       0.28       0.25
    Alltoall       0.08       0.18       0.10
   Alltoallv       0.00       0.00       0.00
      Decomp       0.00       0.00       0.00
  DecompComm       0.00       0.00       0.00
  DecompWait       0.00       0.00       0.00
        Sort       3.89       5.76       5.60
    MakeTree      15.81      16.50      16.25
 SharedCells       0.00       0.86       0.32
  SharedComm       0.00       0.00       0.00
  SharedWait       0.00       0.85       0.32
  Force Eval     352.30     354.55     353.81
   Smth Time       0.25       0.34       0.26
   Mono Time      11.07      12.48      11.93
   Quad Time      49.17      52.93      50.72
  QuadF Time       1.19      19.87       7.73
   Hexa Time      48.98      82.09      61.57
  HexaF Time       0.77      28.67      15.18
   Grav Time     135.92     163.02     148.48
    MAC Time      62.69      93.90      75.32
   CUDA Wait       9.23      24.78      18.03
  Walk Defer       5.23      11.42       7.43
    WalkTerm       2.25      65.57      38.86
      WalkNT     286.82     349.73     313.17
    Fix Cube       9.17       9.36       9.18
    Counters          Min          Max             Sum            Avg
PQSort Sends            0            1              76           0.01
PQSort Recvs            0            1              76           0.01
 PQSort Maxn            0        13608           74808           9.13
   Body-smth      8387474      8389742     68719476736     8388608.00
   Body-mono   3265090347   3761410824  29239318175969  3569252707.03
   Body-quad   5772807480   6277034554  48867674168550  5965292256.90
  Body-quadF   7093485568   8786870272  65051546199224  7940862573.15
   Body-hexa   1768005115   3069135273  18451518802419  2252382666.31
  Body-hexaF   4411916288   5591772480  41105169769400  5017720919.12
         MAC    747798265   1060306634   7150368621732   872847732.15
      BB MAC     81297565     99531280    756958742894    92402190.29
  Cube Empty            0            0               0           0.00
   Cube Anti            0            0               0           0.00
   Cube Corr      5033257     10404999     56876320467     6942910.21
    Max smth            1            1            8192           1.00
 Smth cycles          642          884         5610977         684.93
 Mono cycles           71           75          598323          73.04
 Quad cycles          184          189         1528191         186.55
QuadF cycles            3           53          170156          20.77
 Hexa cycles          587          612         4926857         601.42
HexaF cycles            3          127          533961          65.18
     KNterms    102226170    121494058    907007172386   110718648.97
      Bodies      8387474      8389742     68719476736     8388608.00
 Local Cells            0         3480          141878          17.32
  Local Quad            0          709           26173           3.19
  Local Hexa      1197700      1198409      9817340355     1198405.81
       Cells            0         3919          160898          19.64
  Quad Cells            0         1027           33910           4.14
  Hexa Cells      1554617      1574512     12817003698     1564575.65
     TBodies      1077512      1079610      8837370778     1078780.61
      Hcells     11021721     11043401     90374046020    11031988.04
Shared Cells        19584        19584       160432128       19584.00
    Requests       179338       182321      1479650271      180621.37
    Deferred       375540       383428      3107222388      379299.61
 Memory (MB)         1386         1415        11418012        1393.80
   Heap (MB)        53937        54115       442152169       53973.65
Avg nterms = 13199
BuildTree 1390 (54115), tol=8.93957e-05
BuildTree done 1390 (54115)
FindForces
FindForces done 1419 (54121)
FreeTree done 1390 (54121)
edge flux -1 -13 -1 plus 0 1 0 minus 1 14 1

tpos = 0.0270328, znow = 73.0689, iter = 5, size = 40275.2, eps = 0.93428
ke = 3.32762e+15, pe = -4.93411e+18, energy = -4.93078e+18
CM accel: (-0.140371 -0.178838 -0.115632): 0.255065
rms accel: 3272.92
      Timers        Min        Max       Mean
 Step (Wall)     393.98     394.02     393.99
  Step (CPU)     393.97     394.02     393.99
 Build Total      22.89      22.89      22.89
      PQSort       4.57       6.48       6.29
  PQSortComm       0.18       0.37       0.30
  PQSortWait       0.14       0.30       0.28
    Alltoall       0.08       0.17       0.10
   Alltoallv       0.00       0.01       0.00
      Decomp       0.00       0.00       0.00
  DecompComm       0.00       0.00       0.00
  DecompWait       0.00       0.00       0.00
        Sort       3.87       5.78       5.59
    MakeTree      15.83      16.49      16.26
 SharedCells       0.00       0.85       0.29
  SharedComm       0.00       0.00       0.00
  SharedWait       0.00       0.85       0.29
  Force Eval     355.37     357.44     356.67
   Smth Time       0.24       0.33       0.26
   Mono Time      10.78      12.07      11.55
   Quad Time      49.29      52.95      50.80
  QuadF Time       1.19      19.92       7.47
   Hexa Time      49.07      81.91      61.42
  HexaF Time       0.77      28.74      15.65
   Grav Time     133.74     162.45     148.24
    MAC Time      65.17      95.79      77.95
   CUDA Wait       7.93      24.98      18.12
  Walk Defer       5.44      11.18       7.60
    WalkTerm       2.10      65.46      38.34
      WalkNT     289.82     352.44     316.54
    Fix Cube       9.17       9.36       9.18
    Counters          Min          Max             Sum            Avg
PQSort Sends            0            1             131           0.02
PQSort Recvs            0            2             131           0.02
 PQSort Maxn            0        15552          113904          13.90
   Body-smth      8387258      8389958     68719476736     8388608.00
   Body-mono   3167360278   3607822072  28104421942729  3430715569.18
   Body-quad   5794411928   6289116111  49005851214300  5982159572.06
  Body-quadF   7115898880   8816295936  65199918225024  7958974392.70
   Body-hexa   1776831554   3062458400  18435062149050  2250373797.49
  Body-hexaF   4392058880   5573068016  41050937642928  5011100786.49
         MAC    769874713   1077531782   7329242759431   894682954.03
      BB MAC     77133174     94232552    716857389228    87507005.52
  Cube Empty            0            0               0           0.00
   Cube Anti            0            0               0           0.00
   Cube Corr      5080308     10502424     57355775075     7001437.39
    Max smth            1            1            8192           1.00
 Smth cycles          641          877         5593763         682.83
 Mono cycles           72           76          602307          73.52
 Quad cycles          183          189         1526332         186.32
QuadF cycles            3           53          163879          20.00
 Hexa cycles          585          612         4918895         600.45
HexaF cycles            3          127          551773          67.36
     KNterms    102100450    121450940    906095724287   110607388.22
      Bodies      8387258      8389958     68719476736     8388608.00
 Local Cells            0         4402          248104          30.29
  Local Quad            0          896           46033           5.62
  Local Hexa      1197513      1198409      9817320495     1198403.38
       Cells            0         4938          279789          34.15
  Quad Cells            0         1242           59228           7.23
  Hexa Cells      1554937      1574571     12818834492     1564799.13
     TBodies      1076976      1079454      8835331891     1078531.72
      Hcells     11021793     11044125     90373982136    11031980.24
Shared Cells        19584        19584       160432128       19584.00
    Requests       179347       182398      1479640774      180620.21
    Deferred       375323       384414      3104948130      379021.99
 Memory (MB)         1386         1419        11433386        1395.68
   Heap (MB)        53937        54121       442188592       53978.10
Avg nterms = 13185
BuildTree 1390 (54121), tol=8.72569e-05
BuildTree done 1390 (54121)
FindForces
FindForces done 1419 (54127)
FreeTree done 1374 (54127)
edge flux -6 -25 -2 plus 1 6 1 minus 7 31 3

tpos = 0.0280328, znow = 71.2968, iter = 6, size = 41262.4, eps = 0.957181
ke = 3.4081e+15, pe = -4.82394e+18, energy = -4.82053e+18
CM accel: (-0.0334847 -0.0904188 0.000606884): 0.0964217
rms accel: 3194.61
      Timers        Min        Max       Mean
 Step (Wall)     396.56     396.60     396.57
  Step (CPU)     396.55     396.61     396.57
 Build Total      22.88      22.88      22.88
      PQSort       4.71       6.44       6.26
  PQSortComm       0.19       0.36       0.29
  PQSortWait       0.18       0.30       0.27
    Alltoall       0.08       0.19       0.10
   Alltoallv       0.00       0.00       0.00
      Decomp       0.00       0.00       0.00
  DecompComm       0.00       0.00       0.00
  DecompWait       0.00       0.00       0.00
        Sort       4.01       5.74       5.57
    MakeTree      15.83      16.49      16.25
 SharedCells       0.00       0.84       0.30
  SharedComm       0.00       0.00       0.00
  SharedWait       0.00       0.84       0.30
  Force Eval     357.66     360.03     359.24
   Smth Time       0.25       0.33       0.26
   Mono Time      10.56      11.67      11.20
   Quad Time      49.45      53.02      50.89
  QuadF Time       1.15      20.07       7.41
   Hexa Time      49.37      82.71      61.51
  HexaF Time       0.77      29.01      15.76
   Grav Time     135.30     163.03     148.14
    MAC Time      67.59      97.82      80.32
   CUDA Wait      10.24      25.21      18.16
  Walk Defer       5.52      11.32       7.74
    WalkTerm       2.25      65.30      37.75
      WalkNT     292.55     354.85     319.69
    Fix Cube       9.17       9.36       9.18
    Counters          Min          Max             Sum            Avg
PQSort Sends            0            2             204           0.02
PQSort Recvs            0            2             204           0.02
 PQSort Maxn            0        15336          162648          19.85
   Body-smth      8387045      8390171     68719476736     8388608.00
   Body-mono   3083224304   3466881872  27085662840855  3306355327.25
   Body-quad   5816691688   6301032305  49143919168207  5999013570.34
  Body-quadF   7098630144   8801615864  65245728661288  7964566486.97
   Body-hexa   1789856070   3098521266  18489095691163  2256969688.86
  Body-hexaF   4341649408   5575487848  41009192078552  5006004892.40
         MAC    790607017   1093162424   7490900903523   914416614.20
      BB MAC     73590444     89406224    681177322948    83151528.68
  Cube Empty            0            0               0           0.00
   Cube Anti            0            0               0           0.00
   Cube Corr      5125898     10599719     57830495968     7059386.71
    Max smth            1            1            8192           1.00
 Smth cycles          647          874         5578518         680.97
 Mono cycles           72           76          606838          74.08
 Quad cycles          183          190         1524805         186.13
QuadF cycles            3           53          162443          19.83
 Hexa cycles          585          610         4911590         599.56
HexaF cycles            3          127          556593          67.94
     KNterms    102023398    121490802    905739192182   110563866.23
      Bodies      8387045      8390171     68719476736     8388608.00
 Local Cells            0         5392          416421          50.83
  Local Quad            0         1108           77702           9.49
  Local Hexa      1197301      1198409      9817288827     1198399.52
       Cells            0         5931          468363          57.17
  Quad Cells            0         1468           99190          12.11
  Hexa Cells      1555281      1574662     12820590971     1565013.55
     TBodies      1076424      1079382      8833029421     1078250.66
      Hcells     11021801     11045099     90373664681    11031941.49
Shared Cells        19584        19584       160432128       19584.00
    Requests       179348       182438      1479598833      180615.09
    Deferred       374902       383453      3102517894      378725.33
 Memory (MB)         1386         1419        11450700        1397.79
   Heap (MB)        53937        54127       442225491       53982.60
Avg nterms = 13180
BuildTree 1374 (54127), tol=8.52415e-05
BuildTree done 1374 (54127)
FindForces
FindForces done 1419 (54139)
FreeTree done 1389 (54139)
edge flux -6 -47 4 plus 2 10 5 minus 8 57 1

tpos = 0.0290328, znow = 69.627, iter = 7, size = 42237.9, eps = 0.979811
ke = 3.48765e+15, pe = -4.7054e+18, energy = -4.70192e+18
CM accel: (0.0856434 0.0442172 0.134113): 0.165155
rms accel: 3120.78
      Timers        Min        Max       Mean
 Step (Wall)     398.35     398.39     398.36
  Step (CPU)     398.34     398.39     398.36
 Build Total      22.89      22.90      22.90
      PQSort       4.48       6.43       6.23
  PQSortComm       0.17       0.34       0.27
  PQSortWait       0.18       0.35       0.26
    Alltoall       0.01       0.16       0.09
   Alltoallv       0.00       0.00       0.00
      Decomp       0.00       0.00       0.00
  DecompComm       0.00       0.00       0.00
  DecompWait       0.00       0.00       0.00
        Sort       3.81       5.76       5.56
    MakeTree      15.83      16.52      16.26
 SharedCells       0.00       0.90       0.33
  SharedComm       0.00       0.00       0.00
  SharedWait       0.00       0.90       0.33
  Force Eval     359.67     361.79     360.92
   Smth Time       0.24       0.33       0.26
   Mono Time      10.35      11.35      10.90
   Quad Time      49.57      53.11      50.99
  QuadF Time       1.20      19.65       7.41
   Hexa Time      49.53      82.09      61.77
  HexaF Time       0.76      28.38      15.69
   Grav Time     135.33     162.98     148.12
    MAC Time      69.98      99.27      82.43
   CUDA Wait       8.13      24.32      18.11
  Walk Defer       5.55      11.49       7.90
    WalkTerm       2.26      63.50      36.58
      WalkNT     295.64     356.69     322.56
    Fix Cube       9.17       9.36       9.18
    Counters          Min          Max             Sum            Avg
PQSort Sends            0            2             293           0.04
PQSort Recvs            0            2             293           0.04
 PQSort Maxn            0        16560          226872          27.69
   Body-smth      8386815      8390401     68719476736     8388608.00
   Body-mono   3010654610   3339188928  26175677508914  3195273133.41
   Body-quad   5836047880   6314189492  49281954441619  6015863579.30
  Body-quadF   7120551936   8831172736  65250392855936  7965135846.67
   Body-hexa   1798944772   3074363946  18589928230226  2269278348.42
  Body-hexaF   4336619520   5579414992  40942281868696  4997837142.17
         MAC    809888017   1106733780   7636057240536   932135893.62
      BB MAC     70534885     85123872    649617500698    79299011.32
  Cube Empty            0            0               0           0.00
   Cube Anti            0            0               0           0.00
   Cube Corr      5171203     10698344     58300260800     7116731.05
    Max smth            1            1            8192           1.00
 Smth cycles          640          863         5563440         679.13
 Mono cycles           73           77          610716          74.55
 Quad cycles          183          189         1523535         185.98
QuadF cycles            3           52          162525          19.84
 Hexa cycles          585          609         4904883         598.74
HexaF cycles            3          124          554738          67.72
     KNterms    101916067    121406166    905562606199   110542310.33
      Bodies      8386815      8390401     68719476736     8388608.00
 Local Cells            0         6610          671483          81.97
  Local Quad            0         1358          125937          15.37
  Local Hexa      1197051      1198409      9817240594     1198393.63
       Cells            0         6871          754093          92.05
  Quad Cells            0         1651          160193          19.55
  Hexa Cells      1555569      1574728     12822265242     1565217.93
     TBodies      1075768      1079370      8830514368     1077943.65
      Hcells     11021537     11045976     90373170632    11031881.18
Shared Cells        19584        19584       160432128       19584.00
    Requests       179315       182449      1479533525      180607.12
    Deferred       374919       383186      3100391520      378465.76
 Memory (MB)         1387         1419        11467627        1399.86
   Heap (MB)        53937        54139       442262774       53987.16
Avg nterms = 13178
BuildTree 1389 (54139), tol=8.33387e-05
BuildTree done 1374 (54139)
FindForces
aprun: Apid 4466363: Caught signal Terminated, sending to application
aprun: Apid 4466363: Caught signal Terminated, sending to application
aprun: Apid 4466363: Caught signal Terminated, sending to application
aprun: Apid 4466363: Caught signal Terminated, sending to application
aprun: Apid 4466363: Caught signal Terminated, sending to application
aprun: Apid 4466363: Caught signal Terminated, sending to application
aprun: Apid 4466363: Caught signal Terminated, sending to application
aprun: Apid 4466363: Caught signal Terminated, sending to application
aprun: Apid 4466363: Caught signal Terminated, sending to application
aprun: Apid 4466363: Caught signal Terminated, sending to application
aprun: Apid 4466363: Caught signal Terminated, sending to application
aprun: Apid 4466363: Caught signal Terminated, sending to application
aprun: Apid 4466363: Caught signal Terminated, sending to application
aprun: Apid 4466363: Caught signal Terminated, sending to application
aprun: Apid 4466363: Caught signal Terminated, sending to application
aprun: Apid 4466363: Caught signal Terminated, sending to application
aprun: Apid 4466363: Caught signal Terminated, sending to application
aprun: Apid 4466363: Caught signal Terminated, sending to application
aprun: Apid 4466363: Caught signal Terminated, sending to application
aprun: Apid 4466363: Caught signal Terminated, sending to application
aprun: Apid 4466363: Caught signal Terminated, sending to application
_pmiu_daemon(SIGCHLD): [NID 11364] [c21-3c2s2n0] [Wed Feb 12 01:54:15 2014] PE RANK 573 exit signal Terminated
_pmiu_daemon(SIGCHLD): [NID 13048] [c17-1c2s3n2] [Wed Feb 12 01:54:15 2014] PE RANK 2809 exit signal Terminated
_pmiu_daemon(SIGCHLD): [NID 11431] [c21-1c2s3n1] [Wed Feb 12 01:54:15 2014] PE RANK 2605 exit signal Terminated
_pmiu_daemon(SIGCHLD): [NID 12969] [c17-1c2s4n1] [Wed Feb 12 01:54:15 2014] PE RANK 2957 exit signal Terminated
_pmiu_daemon(SIGCHLD): [NID 11670] [c19-3c2s4n0] [Wed Feb 12 01:54:15 2014] PE RANK 1106 exit signal Terminated
_pmiu_daemon(SIGCHLD): [NID 11660] [c19-3c2s6n2] [Wed Feb 12 01:54:15 2014] PE RANK 1649 exit signal Terminated
_pmiu_daemon(SIGCHLD): [NID 11609] [c19-1c2s3n1] [Wed Feb 12 01:54:15 2014] PE RANK 2753 exit signal Terminated
_pmiu_daemon(SIGCHLD): [NID 12987] [c17-1c1s2n1] [Wed Feb 12 01:54:15 2014] PE RANK 4960 exit signal Terminated
_pmiu_daemon(SIGCHLD): [NID 11521] [c19-1c2s0n3] [Wed Feb 12 01:54:15 2014] PE RANK 2113 exit signal Terminated
_pmiu_daemon(SIGCHLD): [NID 09988] [c23-1c2s2n2] [Wed Feb 12 01:54:15 2014] PE RANK 2417 exit signal Terminated
_pmiu_daemon(SIGCHLD): [NID 12974] [c17-1c2s7n0] [Wed Feb 12 01:54:15 2014] PE RANK 3869 exit signal Terminated
_pmiu_daemon(SIGCHLD): [NID 06238] [c16-0c0s0n2] [Wed Feb 12 01:54:15 2014] PE RANK 7808 exit signal Terminated
_pmiu_daemon(SIGCHLD): [NID 08498] [c22-1c0s6n0] [Wed Feb 12 01:54:15 2014] PE RANK 7561 exit signal Terminated
_pmiu_daemon(SIGCHLD): [NID 11390] [c21-3c2s0n2] [Wed Feb 12 01:54:15 2014] PE RANK 208 exit signal Terminated
_pmiu_daemon(SIGCHLD): [NID 13023] [c17-1c0s0n3] [Wed Feb 12 01:54:15 2014] PE RANK 5929 exit signal Terminated
_pmiu_daemon(SIGCHLD): [NID 10014] [c23-1c1s0n2] [Wed Feb 12 01:54:15 2014] PE RANK 5458 exit signal Terminated
_pmiu_daemon(SIGCHLD): [NID 11592] [c19-1c1s4n0] [Wed Feb 12 01:54:15 2014] PE RANK 4720 exit signal Terminated
_pmiu_daemon(SIGCHLD): [NID 11362] [c21-3c2s1n0] [Wed Feb 12 01:54:15 2014] PE RANK 306 exit signal Terminated
_pmiu_daemon(SIGCHLD): [NID 12966] [c17-1c2s3n0] [Wed Feb 12 01:54:15 2014] PE RANK 2906 exit signal Terminated
_pmiu_daemon(SIGCHLD): [NID 10064] [c23-1c2s7n0] [Wed Feb 12 01:54:15 2014] PE RANK 3507 exit signal Terminated
_pmiu_daemon(SIGCHLD): [NID 11669] [c19-3c2s5n1] [Wed Feb 12 01:54:15 2014] PE RANK 1037 exit signal Terminated
_pmiu_daemon(SIGCHLD): [NID 12967] [c17-1c2s3n1] [Wed Feb 12 01:54:15 2014] PE RANK 2923 exit signal Terminated
_pmiu_daemon(SIGCHLD): [NID 12906] [c17-3c2s5n0] [Wed Feb 12 01:54:15 2014] PE RANK 986 exit signal Terminated
_pmiu_daemon(SIGCHLD): [NID 11382] [c21-3c2s4n2] [Wed Feb 12 01:54:15 2014] PE RANK 1170 exit signal Terminated
_pmiu_daemon(SIGCHLD): [NID 06236] [c16-0c0s1n2] [Wed Feb 12 01:54:15 2014] PE RANK 7841 exit signal Terminated
_pmiu_daemon(SIGCHLD): [NID 11589] [c19-1c1s2n1] [Wed Feb 12 01:54:15 2014] PE RANK 4992 exit signal Terminated
_pmiu_daemon(SIGCHLD): [NID 11602] [c19-1c2s6n0] [Wed Feb 12 01:54:15 2014] PE RANK 3736 exit signal Terminated
_pmiu_daemon(SIGCHLD): [NID 12921] [c17-3c2s3n3] [Wed Feb 12 01:54:15 2014] PE RANK 769 exit signal Terminated
_pmiu_daemon(SIGCHLD): [NID 10117] [c23-3c2s2n3] [Wed Feb 12 01:54:15 2014] PE RANK 398 exit signal Terminated
_pmiu_daemon(SIGCHLD): [NID 10134] [c23-3c2s4n0] [Wed Feb 12 01:54:15 2014] PE RANK 1241 exit signal Terminated
_pmiu_daemon(SIGCHLD): [NID 04512] [c10-0c0s0n2] [Wed Feb 12 01:54:15 2014] PE RANK 8097 exit signal Terminated
_pmiu_daemon(SIGCHLD): [NID 12902] [c17-3c2s3n0] [Wed Feb 12 01:54:15 2014] PE RANK 849 exit signal Terminated
_pmiu_daemon(SIGCHLD): [NID 08407] [c20-1c0s4n3] [Wed Feb 12 01:54:15 2014] PE RANK 7063 exit signal Terminated
_pmiu_daemon(SIGCHLD): [NID 11383] [c21-3c2s4n3] [Wed Feb 12 01:54:15 2014] PE RANK 1187 exit signal Terminated
_pmiu_daemon(SIGCHLD): [NID 08395] [c20-1c0s5n1] [Wed Feb 12 01:54:15 2014] PE RANK 7186 exit signal Terminated
_pmiu_daemon(SIGCHLD): [NID 10003] [c23-1c1s6n3] [Wed Feb 12 01:54:15 2014] PE RANK 4386 exit signal Terminated
_pmiu_daemon(SIGCHLD): [NID 11514] [c21-1c2s2n2] [Wed Feb 12 01:54:15 2014] PE RANK 2641 exit signal Terminated
_pmiu_daemon(SIGCHLD): [NID 11367] [c21-3c2s3n1] [Wed Feb 12 01:54:15 2014] PE RANK 553 exit signal Terminated
_pmiu_daemon(SIGCHLD): [NID 08413] [c20-1c0s1n3] [Wed Feb 12 01:54:15 2014] PE RANK 6265 exit signal Terminated
_pmiu_daemon(SIGCHLD): [NID 12910] [c17-3c2s7n0] [Wed Feb 12 01:54:15 2014] PE RANK 1874 exit signal Terminated
_pmiu_daemon(SIGCHLD): [NID 10013] [c23-1c1s1n3] [Wed Feb 12 01:54:15 2014] PE RANK 5378 exit signal Terminated
_pmiu_daemon(SIGCHLD): [NID 11532] [c19-1c2s6n2] [Wed Feb 12 01:54:15 2014] PE RANK 3698 exit signal Terminated
_pmiu_daemon(SIGCHLD): [NID 09935] [c24-1c0s7n1] [Wed Feb 12 01:54:15 2014] PE RANK 7762 exit signal Terminated
_pmiu_daemon(SIGCHLD): [NID 12898] [c17-3c2s1n0] [Wed Feb 12 01:54:15 2014] PE RANK 25 exit signal Terminated
_pmiu_daemon(SIGCHLD): [NID 13021] [c17-1c0s1n3] [Wed Feb 12 01:54:15 2014] PE RANK 5954 exit signal Terminated
_pmiu_daemon(SIGCHLD): [NID 11490] [c21-1c1s1n2] [Wed Feb 12 01:54:15 2014] PE RANK 5587 exit signal Terminated
_pmiu_daemon(SIGCHLD): [NID 09929] [c24-1c0s4n1] [Wed Feb 12 01:54:15 2014] PE RANK 6779 exit signal Terminated
_pmiu_daemon(SIGCHLD): [NID 11428] [c21-1c2s2n0] [Wed Feb 12 01:54:15 2014] PE RANK 2618 exit signal Terminated
_pmiu_daemon(SIGCHLD): [NID 09991] [c23-1c2s3n3] [Wed Feb 12 01:54:15 2014] PE RANK 2530 exit signal Terminated
_pmiu_daemon(SIGCHLD): [NID 09996] [c23-1c2s6n2] [Wed Feb 12 01:54:15 2014] PE RANK 3442 exit signal Terminated
_pmiu_daemon(SIGCHLD): [NID 11434] [c21-1c2s5n0] [Wed Feb 12 01:54:15 2014] PE RANK 3346 exit signal Terminated
_pmiu_daemon(SIGCHLD): [NID 11500] [c21-1c1s6n2] [Wed Feb 12 01:54:15 2014] PE RANK 4338 exit signal Terminated
_pmiu_daemon(SIGCHLD): [NID 12912] [c17-3c2s7n2] [Wed Feb 12 01:54:15 2014] PE RANK 1783 exit signal Terminated
_pmiu_daemon(SIGCHLD): [NID 11488] [c21-1c1s0n2] [Wed Feb 12 01:54:15 2014] PE RANK 5489 exit signal Terminated
_pmiu_daemon(SIGCHLD): [NID 10070] [c23-1c2s4n0] [Wed Feb 12 01:54:15 2014] PE RANK 3290 exit signal Terminated
_pmiu_daemon(SIGCHLD): [NID 12907] [c17-3c2s5n1] [Wed Feb 12 01:54:15 2014] PE RANK 998 exit signal Terminated
_pmiu_daemon(SIGCHLD): [NID 09997] [c23-1c2s6n3] [Wed Feb 12 01:54:15 2014] PE RANK 3462 exit signal Terminated
_pmiu_daemon(SIGCHLD): [NID 11538] [c19-1c1s6n2] [Wed Feb 12 01:54:15 2014] PE RANK 4050 exit signal Terminated
_pmiu_daemon(SIGCHLD): [NID 12922] [c17-3c2s2n2] [Wed Feb 12 01:54:15 2014] PE RANK 786 exit signal Terminated
_pmiu_daemon(SIGCHLD): [NID 08408] [c20-1c0s3n2] [Wed Feb 12 01:54:15 2014] PE RANK 6375 exit signal Terminated
_pmiu_daemon(SIGCHLD): [NID 12992] [c17-1c0s0n0] [Wed Feb 12 01:54:15 2014] PE RANK 5878 exit signal Terminated
_pmiu_daemon(SIGCHLD): [NID 10142] [c23-3c2s0n0] [Wed Feb 12 01:54:15 2014] PE RANK 273 exit signal Terminated
_pmiu_daemon(SIGCHLD): [NID 13043] [c17-1c2s6n3] [Wed Feb 12 01:54:15 2014] PE RANK 3810 exit signal Terminated
_pmiu_daemon(SIGCHLD): [NID 12979] [c17-1c1s6n1] [Wed Feb 12 01:54:15 2014] PE RANK 4010 exit signal Terminated
_pmiu_daemon(SIGCHLD): [NID 10113] [c23-3c2s0n3] [Wed Feb 12 01:54:15 2014] PE RANK 261 exit signal Terminated
_pmiu_daemon(SIGCHLD): [NID 12978] [c17-1c1s6n0] [Wed Feb 12 01:54:15 2014] PE RANK 3986 exit signal Terminated
_pmiu_daemon(SIGCHLD): [NID 11452] [c21-1c1s1n0] [Wed Feb 12 01:54:15 2014] PE RANK 5557 exit signal Terminated
_pmiu_daemon(SIGCHLD): [NID 10066] [c23-1c2s6n0] [Wed Feb 12 01:54:15 2014] PE RANK 3484 exit signal Terminated
_pmiu_daemon(SIGCHLD): [NID 13024] [c17-1c1s0n2] [Wed Feb 12 01:54:15 2014] PE RANK 5750 exit signal Terminated
_pmiu_daemon(SIGCHLD): [NID 10049] [c23-1c1s0n1] [Wed Feb 12 01:54:15 2014] PE RANK 5442 exit signal Terminated
_pmiu_daemon(SIGCHLD): [NID 11377] [c21-3c2s7n3] [Wed Feb 12 01:54:15 2014] PE RANK 1541 exit signal Terminated
_pmiu_daemon(SIGCHLD): [NID 11433] [c21-1c2s4n1] [Wed Feb 12 01:54:15 2014] PE RANK 3201 exit signal Terminated
_pmiu_daemon(SIGCHLD): [NID 06147] [c16-0c0s1n1] [Wed Feb 12 01:54:15 2014] PE RANK 7889 exit signal Terminated
_pmiu_daemon(SIGCHLD): [NID 11668] [c19-3c2s5n0] [Wed Feb 12 01:54:15 2014] PE RANK 1017 exit signal Terminated
_pmiu_daemon(SIGCHLD): [NID 12920] [c17-3c2s3n2] [Wed Feb 12 01:54:15 2014] PE RANK 754 exit signal Terminated
_pmiu_daemon(SIGCHLD): [NID 13044] [c17-1c2s5n2] [Wed Feb 12 01:54:15 2014] PE RANK 3000 exit signal Terminated
_pmiu_daemon(SIGCHLD): [NID 06960] [c18-1c0s7n0] [Wed Feb 12 01:54:15 2014] PE RANK 7329 exit signal Terminated
_pmiu_daemon(SIGCHLD): [NID 11368] [c21-3c2s4n0] [Wed Feb 12 01:54:15 2014] PE RANK 1149 exit signal Terminated
_pmiu_daemon(SIGCHLD): [NID 04606] [c10-0c0s0n0] [Wed Feb 12 01:54:15 2014] PE RANK 8138 exit signal Terminated
_pmiu_daemon(SIGCHLD): [NID 08497] [c22-1c0s7n1] [Wed Feb 12 01:54:15 2014] PE RANK 7610 exit signal Terminated
_pmiu_daemon(SIGCHLD): [NID 08404] [c20-1c0s5n2] [Wed Feb 12 01:54:15 2014] PE RANK 7214 exit signal Terminated
_pmiu_daemon(SIGCHLD): [NID 13047] [c17-1c2s4n3] [Wed Feb 12 01:54:15 2014] PE RANK 2990 exit signal Terminated
_pmiu_daemon(SIGCHLD): [NID 10119] [c23-3c2s3n3] [Wed Feb 12 01:54:15 2014] PE RANK 480 exit signal Terminated
_pmiu_daemon(SIGCHLD): [NID 11455] [c21-1c1s0n1] [Wed Feb 12 01:54:15 2014] PE RANK 5540 exit signal Terminated
_pmiu_daemon(SIGCHLD): [NID 11651] [c19-3c2s1n3] [Wed Feb 12 01:54:15 2014] PE RANK 98 exit signal Terminated
_pmiu_daemon(SIGCHLD): [NID 09936] [c24-1c0s7n2] [Wed Feb 12 01:54:15 2014] PE RANK 7649 exit signal Terminated
_pmiu_daemon(SIGCHLD): [NID 11665] [c19-3c2s7n1] [Wed Feb 12 01:54:15 2014] PE RANK 1729 exit signal Terminated
_pmiu_daemon(SIGCHLD): [NID 06966] [c18-1c0s4n0] [Wed Feb 12 01:54:15 2014] PE RANK 7109 exit signal Terminated
_pmiu_daemon(SIGCHLD): [NID 11520] [c19-1c2s0n2] [Wed Feb 12 01:54:15 2014] PE RANK 2102 exit signal Terminated
_pmiu_daemon(SIGCHLD): [NID 11603] [c19-1c2s6n1] [Wed Feb 12 01:54:15 2014] PE RANK 3745 exit signal Terminated
_pmiu_daemon(SIGCHLD): [NID 10050] [c23-1c1s1n0] [Wed Feb 12 01:54:15 2014] PE RANK 5394 exit signal Terminated
_pmiu_daemon(SIGCHLD): [NID 09947] [c24-1c0s2n3] [Wed Feb 12 01:54:15 2014] PE RANK 6674 exit signal Terminated
_pmiu_daemon(SIGCHLD): [NID 11581] [c19-1c0s1n1] [Wed Feb 12 01:54:15 2014] PE RANK 6018 exit signal Terminated
_pmiu_daemon(SIGCHLD): [NID 12916] [c17-3c2s5n2] [Wed Feb 12 01:54:15 2014] PE RANK 945 exit signal Terminated
_pmiu_daemon(SIGCHLD): [NID 11650] [c19-3c2s1n2] [Wed Feb 12 01:54:15 2014] PE RANK 81 exit signal Terminated
_pmiu_daemon(SIGCHLD): [NID 11679] [c19-3c2s0n1] [Wed Feb 12 01:54:15 2014] PE RANK 160 exit signal Terminated
_pmiu_daemon(SIGCHLD): [NID 11676] [c19-3c2s1n0] [Wed Feb 12 01:54:15 2014] PE RANK 56 exit signal Terminated
_pmiu_daemon(SIGCHLD): [NID 08485] [c22-1c0s2n3] [Wed Feb 12 01:54:15 2014] PE RANK 6519 exit signal Terminated
_pmiu_daemon(SIGCHLD): [NID 12911] [c17-3c2s7n1] [Wed Feb 12 01:54:15 2014] PE RANK 1890 exit signal Terminated
_pmiu_daemon(SIGCHLD): [NID 12972] [c17-1c2s6n0] [Wed Feb 12 01:54:15 2014] PE RANK 3827 exit signal Terminated
_pmiu_daemon(SIGCHLD): [NID 08496] [c22-1c0s7n0] [Wed Feb 12 01:54:15 2014] PE RANK 7585 exit signal Terminated
_pmiu_daemon(SIGCHLD): [NID 11501] [c21-1c1s6n3] [Wed Feb 12 01:54:15 2014] PE RANK 4352 exit signal Terminated
_pmiu_daemon(SIGCHLD): [NID 12985] [c17-1c1s3n1] [Wed Feb 12 01:54:15 2014] PE RANK 4865 exit signal Terminated
_pmiu_daemon(SIGCHLD): [NID 09937] [c24-1c0s7n3] [Wed Feb 12 01:54:15 2014] PE RANK 7678 exit signal Terminated
_pmiu_daemon(SIGCHLD): [NID 06962] [c18-1c0s6n0] [Wed Feb 12 01:54:15 2014] PE RANK 7298 exit signal Terminated
_pmiu_daemon(SIGCHLD): [NID 06956] [c18-1c0s6n2] [Wed Feb 12 01:54:15 2014] PE RANK 7265 exit signal Terminated
_pmiu_daemon(SIGCHLD): [NID 04605] [c10-0c0s1n1] [Wed Feb 12 01:54:15 2014] PE RANK 8178 exit signal Terminated
_pmiu_daemon(SIGCHLD): [NID 11582] [c19-1c0s0n0] [Wed Feb 12 01:54:15 2014] PE RANK 6110 exit signal Terminated
_pmiu_daemon(SIGCHLD): [NID 11385] [c21-3c2s3n3] [Wed Feb 12 01:54:15 2014] PE RANK 513 exit signal Terminated
_pmiu_daemon(SIGCHLD): [NID 09998] [c23-1c2s7n2] [Wed Feb 12 01:54:15 2014] PE RANK 3538 exit signal Terminated
_pmiu_daemon(SIGCHLD): [NID 11440] [c21-1c1s7n0] [Wed Feb 12 01:54:15 2014] PE RANK 4156 exit signal Terminated
_pmiu_daemon(SIGCHLD): [NID 08397] [c20-1c0s6n1] [Wed Feb 12 01:54:15 2014] PE RANK 7474 exit signal Terminated
_pmiu_daemon(SIGCHLD): [NID 11555] [c19-1c0s1n3] [Wed Feb 12 01:54:15 2014] PE RANK 6060 exit signal Terminated
_pmiu_daemon(SIGCHLD): [NID 09940] [c24-1c0s5n2] [Wed Feb 12 01:54:15 2014] PE RANK 6817 exit signal Terminated
_pmiu_daemon(SIGCHLD): [NID 10122] [c23-3c2s5n2] [Wed Feb 12 01:54:15 2014] PE RANK 1360 exit signal Terminated
_pmiu_daemon(SIGCHLD): [NID 08400] [c20-1c0s7n2] [Wed Feb 12 01:54:15 2014] PE RANK 7394 exit signal Terminated
_pmiu_daemon(SIGCHLD): [NID 10127] [c23-3c2s7n3] [Wed Feb 12 01:54:15 2014] PE RANK 1505 exit signal Terminated
_pmiu_daemon(SIGCHLD): [NID 11523] [c19-1c2s1n3] [Wed Feb 12 01:54:15 2014] PE RANK 2082 exit signal Terminated
_pmiu_daemon(SIGCHLD): [NID 09927] [c24-1c0s3n1] [Wed Feb 12 01:54:15 2014] PE RANK 6736 exit signal Terminated
_pmiu_daemon(SIGCHLD): [NID 11491] [c21-1c1s1n3] [Wed Feb 12 01:54:15 2014] PE RANK 5612 exit signal Terminated
_pmiu_daemon(SIGCHLD): [NID 11587] [c19-1c1s1n1] [Wed Feb 12 01:54:15 2014] PE RANK 5666 exit signal Terminated
_pmiu_daemon(SIGCHLD): [NID 12913] [c17-3c2s7n3] [Wed Feb 12 01:54:15 2014] PE RANK 1798 exit signal Terminated
_pmiu_daemon(SIGCHLD): [NID 09944] [c24-1c0s3n2] [Wed Feb 12 01:54:15 2014] PE RANK 6624 exit signal Terminated
_pmiu_daemon(SIGCHLD): [NID 09926] [c24-1c0s3n0] [Wed Feb 12 01:54:15 2014] PE RANK 6723 exit signal Terminated
_pmiu_daemon(SIGCHLD): [NID 10002] [c23-1c1s6n2] [Wed Feb 12 01:54:15 2014] PE RANK 4377 exit signal Terminated
_pmiu_daemon(SIGCHLD): [NID 11445] [c21-1c1s5n1] [Wed Feb 12 01:54:15 2014] PE RANK 4609 exit signal Terminated
_pmiu_daemon(SIGCHLD): [NID 06239] [c16-0c0s0n3] [Wed Feb 12 01:54:15 2014] PE RANK 7828 exit signal Terminated
_pmiu_daemon(SIGCHLD): [NID 11447] [c21-1c1s4n1] [Wed Feb 12 01:54:15 2014] PE RANK 4576 exit signal Terminated
_pmiu_daemon(SIGCHLD): [NID 11673] [c19-3c2s3n1] [Wed Feb 12 01:54:15 2014] PE RANK 706 exit signal Terminated
_pmiu_daemon(SIGCHLD): [NID 10067] [c23-1c2s6n1] [Wed Feb 12 01:54:15 2014] PE RANK 3490 exit signal Terminated
_pmiu_daemon(SIGCHLD): [NID 12993] [c17-1c0s0n1] [Wed Feb 12 01:54:15 2014] PE RANK 5889 exit signal Terminated
_pmiu_daemon(SIGCHLD): [NID 12908] [c17-3c2s6n0] [Wed Feb 12 01:54:15 2014] PE RANK 1842 exit signal Terminated
_pmiu_daemon(SIGCHLD): [NID 10061] [c23-1c1s6n1] [Wed Feb 12 01:54:15 2014] PE RANK 4290 exit signal Terminated
_pmiu_daemon(SIGCHLD): [NID 11588] [c19-1c1s2n0] [Wed Feb 12 01:54:15 2014] PE RANK 4977 exit signal Terminated
_pmiu_daemon(SIGCHLD): [NID 11515] [c21-1c2s2n3] [Wed Feb 12 01:54:15 2014] PE RANK 2665 exit signal Terminated
_pmiu_daemon(SIGCHLD): [NID 13050] [c17-1c2s2n2] [Wed Feb 12 01:54:15 2014] PE RANK 2842 exit signal Terminated
_pmiu_daemon(SIGCHLD): [NID 09939] [c24-1c0s6n3] [Wed Feb 12 01:54:15 2014] PE RANK 7696 exit signal Terminated
_pmiu_daemon(SIGCHLD): [NID 11674] [c19-3c2s2n0] [Wed Feb 12 01:54:15 2014] PE RANK 666 exit signal Terminated
_pmiu_daemon(SIGCHLD): [NID 12994] [c17-1c0s1n0] [Wed Feb 12 01:54:15 2014] PE RANK 5972 exit signal Terminated
_pmiu_daemon(SIGCHLD): [NID 10058] [c23-1c1s5n0] [Wed Feb 12 01:54:15 2014] PE RANK 4441 exit signal Terminated
_pmiu_daemon(SIGCHLD): [NID 11678] [c19-3c2s0n0] [Wed Feb 12 01:54:15 2014] PE RANK 153 exit signal Terminated
_pmiu_daemon(SIGCHLD): [NID 11513] [c21-1c2s3n3] [Wed Feb 12 01:54:15 2014] PE RANK 2573 exit signal Terminated
_pmiu_daemon(SIGCHLD): [NID 11489] [c21-1c1s0n3] [Wed Feb 12 01:54:15 2014] PE RANK 5512 exit signal Terminated
_pmiu_daemon(SIGCHLD): [NID 11508] [c21-1c2s5n2] [Wed Feb 12 01:54:15 2014] PE RANK 3388 exit signal Terminated
_pmiu_daemon(SIGCHLD): [NID 11653] [c19-3c2s2n3] [Wed Feb 12 01:54:15 2014] PE RANK 652 exit signal Terminated
_pmiu_daemon(SIGCHLD): [NID 12970] [c17-1c2s5n0] [Wed Feb 12 01:54:15 2014] PE RANK 3026 exit signal Terminated
_pmiu_daemon(SIGCHLD): [NID 06972] [c18-1c0s1n0] [Wed Feb 12 01:54:15 2014] PE RANK 6178 exit signal Terminated
_pmiu_daemon(SIGCHLD): [NID 11615] [c19-1c2s0n1] [Wed Feb 12 01:54:15 2014] PE RANK 2146 exit signal Terminated
_pmiu_daemon(SIGCHLD): [NID 11664] [c19-3c2s7n0] [Wed Feb 12 01:54:15 2014] PE RANK 1713 exit signal Terminated
_pmiu_daemon(SIGCHLD): [NID 12919] [c17-3c2s4n3] [Wed Feb 12 01:54:15 2014] PE RANK 928 exit signal Terminated
_pmiu_daemon(SIGCHLD): [NID 09984] [c23-1c2s0n2] [Wed Feb 12 01:54:15 2014] PE RANK 2225 exit signal Terminated
_pmiu_daemon(SIGCHLD): [NID 08504] [c22-1c0s3n0] [Wed Feb 12 01:54:15 2014] PE RANK 6568 exit signal Terminated
_pmiu_daemon(SIGCHLD): [NID 11658] [c19-3c2s5n2] [Wed Feb 12 01:54:15 2014] PE RANK 1042 exit signal Terminated
_pmiu_daemon(SIGCHLD): [NID 13036] [c17-1c1s6n2] [Wed Feb 12 01:54:15 2014] PE RANK 3954 exit signal Terminated
_pmiu_daemon(SIGCHLD): [NID 10132] [c23-3c2s5n0] [Wed Feb 12 01:54:15 2014] PE RANK 1273 exit signal Terminated
_pmiu_daemon(SIGCHLD): [NID 09995] [c23-1c2s5n3] [Wed Feb 12 01:54:15 2014] PE RANK 3426 exit signal Terminated
_pmiu_daemon(SIGCHLD): [NID 11662] [c19-3c2s7n2] [Wed Feb 12 01:54:15 2014] PE RANK 1746 exit signal Terminated
_pmiu_daemon(SIGCHLD): [NID 13049] [c17-1c2s3n3] [Wed Feb 12 01:54:15 2014] PE RANK 2818 exit signal Terminated
_pmiu_daemon(SIGCHLD): [NID 12918] [c17-3c2s4n2] [Wed Feb 12 01:54:15 2014] PE RANK 912 exit signal Terminated
_pmiu_daemon(SIGCHLD): [NID 12960] [c17-1c2s0n0] [Wed Feb 12 01:54:15 2014] PE RANK 1906 exit signal Terminated
_pmiu_daemon(SIGCHLD): [NID 06141] [c14-0c0s1n1] [Wed Feb 12 01:54:15 2014] PE RANK 7932 exit signal Terminated
_pmiu_daemon(SIGCHLD): [NID 11655] [c19-3c2s3n3] [Wed Feb 12 01:54:15 2014] PE RANK 747 exit signal Terminated
_pmiu_daemon(SIGCHLD): [NID 08390] [c20-1c0s3n0] [Wed Feb 12 01:54:15 2014] PE RANK 6408 exit signal Terminated
_pmiu_daemon(SIGCHLD): [NID 11663] [c19-3c2s7n3] [Wed Feb 12 01:54:15 2014] PE RANK 1761 exit signal Terminated
_pmiu_daemon(SIGCHLD): [NID 08486] [c22-1c0s3n2] [Wed Feb 12 01:54:15 2014] PE RANK 6594 exit signal Terminated
_pmiu_daemon(SIGCHLD): [NID 10006] [c23-1c1s4n2] [Wed Feb 12 01:54:15 2014] PE RANK 4497 exit signal Terminated
_pmiu_daemon(SIGCHLD): [NID 11388] [c21-3c2s1n2] [Wed Feb 12 01:54:15 2014] PE RANK 338 exit signal Terminated
_pmiu_daemon(SIGCHLD): [NID 11649] [c19-3c2s0n3] [Wed Feb 12 01:54:15 2014] PE RANK 136 exit signal Terminated
_pmiu_daemon(SIGCHLD): [NID 06953] [c18-1c0s4n3] [Wed Feb 12 01:54:15 2014] PE RANK 7090 exit signal Terminated
_pmiu_daemon(SIGCHLD): [NID 12901] [c17-3c2s2n1] [Wed Feb 12 01:54:15 2014] PE RANK 841 exit signal Terminated
_pmiu_daemon(SIGCHLD): [NID 13046] [c17-1c2s4n2] [Wed Feb 12 01:54:15 2014] PE RANK 2964 exit signal Terminated
_pmiu_daemon(SIGCHLD): [NID 10131] [c23-3c2s6n1] [Wed Feb 12 01:54:15 2014] PE RANK 1440 exit signal Terminated
_pmiu_daemon(SIGCHLD): [NID 11549] [c19-1c1s1n3] [Wed Feb 12 01:54:15 2014] PE RANK 5634 exit signal Terminated
_pmiu_daemon(SIGCHLD): [NID 08401] [c20-1c0s7n3] [Wed Feb 12 01:54:15 2014] PE RANK 7409 exit signal Terminated
_pmiu_daemon(SIGCHLD): [NID 10055] [c23-1c1s3n1] [Wed Feb 12 01:54:15 2014] PE RANK 5219 exit signal Terminated
_pmiu_daemon(SIGCHLD): [NID 12917] [c17-3c2s5n3] [Wed Feb 12 01:54:15 2014] PE RANK 960 exit signal Terminated
_pmiu_daemon(SIGCHLD): [NID 06964] [c18-1c0s5n0] [Wed Feb 12 01:54:15 2014] PE RANK 7149 exit signal Terminated
_pmiu_daemon(SIGCHLD): [NID 06237] [c16-0c0s1n3] [Wed Feb 12 01:54:15 2014] PE RANK 7857 exit signal Terminated
_pmiu_daemon(SIGCHLD): [NID 08494] [c22-1c0s7n2] [Wed Feb 12 01:54:15 2014] PE RANK 7618 exit signal Terminated
_pmiu_daemon(SIGCHLD): [NID 11540] [c19-1c1s5n2] [Wed Feb 12 01:54:15 2014] PE RANK 4657 exit signal Terminated
_pmiu_daemon(SIGCHLD): [NID 08500] [c22-1c0s5n0] [Wed Feb 12 01:54:15 2014] PE RANK 6889 exit signal Terminated
_pmiu_daemon(SIGCHLD): [NID 11438] [c21-1c2s7n0] [Wed Feb 12 01:54:15 2014] PE RANK 3613 exit signal Terminated
_pmiu_daemon(SIGCHLD): [NID 06050] [c14-0c0s1n2] [Wed Feb 12 01:54:15 2014] PE RANK 7936 exit signal Terminated
_pmiu_daemon(SIGCHLD): [NID 12905] [c17-3c2s4n1] [Wed Feb 12 01:54:15 2014] PE RANK 899 exit signal Terminated
_pmiu_daemon(SIGCHLD): [NID 09943] [c24-1c0s4n3] [Wed Feb 12 01:54:15 2014] PE RANK 6802 exit signal Terminated
_pmiu_daemon(SIGCHLD): [NID 11611] [c19-1c2s2n1] [Wed Feb 12 01:54:15 2014] PE RANK 2724 exit signal Terminated
_pmiu_daemon(SIGCHLD): [NID 11497] [c21-1c1s4n3] [Wed Feb 12 01:54:15 2014] PE RANK 4544 exit signal Terminated
_pmiu_daemon(SIGCHLD): [NID 08409] [c20-1c0s3n3] [Wed Feb 12 01:54:15 2014] PE RANK 6389 exit signal Terminated
_pmiu_daemon(SIGCHLD): [NID 11594] [c19-1c1s5n0] [Wed Feb 12 01:54:15 2014] PE RANK 4694 exit signal Terminated
_pmiu_daemon(SIGCHLD): [NID 10011] [c23-1c1s2n3] [Wed Feb 12 01:54:15 2014] PE RANK 5358 exit signal Terminated
_pmiu_daemon(SIGCHLD): [NID 06144] [c16-0c0s0n0] [Wed Feb 12 01:54:15 2014] PE RANK 7776 exit signal Terminated
_pmiu_daemon(SIGCHLD): [NID 06051] [c14-0c0s1n3] [Wed Feb 12 01:54:15 2014] PE RANK 7953 exit signal Terminated
_pmiu_daemon(SIGCHLD): [NID 11510] [c21-1c2s4n2] [Wed Feb 12 01:54:15 2014] PE RANK 3221 exit signal Terminated
_pmiu_daemon(SIGCHLD): [NID 11654] [c19-3c2s3n2] [Wed Feb 12 01:54:15 2014] PE RANK 733 exit signal Terminated
_pmiu_daemon(SIGCHLD): [NID 08495] [c22-1c0s7n3] [Wed Feb 12 01:54:15 2014] PE RANK 7646 exit signal Terminated
_pmiu_daemon(SIGCHLD): [NID 13042] [c17-1c2s6n2] [Wed Feb 12 01:54:15 2014] PE RANK 3794 exit signal Terminated
_pmiu_daemon(SIGCHLD): [NID 10075] [c23-1c2s2n1] [Wed Feb 12 01:54:15 2014] PE RANK 2469 exit signal Terminated
_pmiu_daemon(SIGCHLD): [NID 13022] [c17-1c0s0n2] [Wed Feb 12 01:54:15 2014] PE RANK 5906 exit signal Terminated
_pmiu_daemon(SIGCHLD): [NID 11384] [c21-3c2s3n2] [Wed Feb 12 01:54:15 2014] PE RANK 508 exit signal Terminated
_pmiu_daemon(SIGCHLD): [NID 11496] [c21-1c1s4n2] [Wed Feb 12 01:54:15 2014] PE RANK 4530 exit signal Terminated
_pmiu_daemon(SIGCHLD): [NID 12915] [c17-3c2s6n3] [Wed Feb 12 01:54:15 2014] PE RANK 1825 exit signal Terminated
_pmiu_daemon(SIGCHLD): [NID 11516] [c21-1c2s1n2] [Wed Feb 12 01:54:15 2014] PE RANK 2355 exit signal Terminated
_pmiu_daemon(SIGCHLD): [NID 06974] [c18-1c0s0n0] [Wed Feb 12 01:54:15 2014] PE RANK 6146 exit signal Terminated
_pmiu_daemon(SIGCHLD): [NID 08489] [c22-1c0s4n3] [Wed Feb 12 01:54:15 2014] PE RANK 6960 exit signal Terminated
_pmiu_daemon(SIGCHLD): [NID 13041] [c17-1c2s7n3] [Wed Feb 12 01:54:15 2014] PE RANK 3778 exit signal Terminated
_pmiu_daemon(SIGCHLD): [NID 11677] [c19-3c2s1n1] [Wed Feb 12 01:54:15 2014] PE RANK 66 exit signal Terminated
_pmiu_daemon(SIGCHLD): [NID 12995] [c17-1c0s1n1] [Wed Feb 12 01:54:15 2014] PE RANK 5986 exit signal Terminated
_pmiu_daemon(SIGCHLD): [NID 13038] [c17-1c1s7n2] [Wed Feb 12 01:54:15 2014] PE RANK 3926 exit signal Terminated
_pmiu_daemon(SIGCHLD): [NID 10059] [c23-1c1s5n1] [Wed Feb 12 01:54:15 2014] PE RANK 4452 exit signal Terminated
_pmiu_daemon(SIGCHLD): [NID 11518] [c21-1c2s0n2] [Wed Feb 12 01:54:15 2014] PE RANK 2202 exit signal Terminated
_pmiu_daemon(SIGCHLD): [NID 11439] [c21-1c2s7n1] [Wed Feb 12 01:54:15 2014] PE RANK 3620 exit signal Terminated
_pmiu_daemon(SIGCHLD): [NID 11648] [c19-3c2s0n2] [Wed Feb 12 01:54:15 2014] PE RANK 112 exit signal Terminated
_pmiu_daemon(SIGCHLD): [NID 11522] [c19-1c2s1n2] [Wed Feb 12 01:54:15 2014] PE RANK 2065 exit signal Terminated
_pmiu_daemon(SIGCHLD): [NID 12971] [c17-1c2s5n1] [Wed Feb 12 01:54:15 2014] PE RANK 3046 exit signal Terminated
_pmiu_daemon(SIGCHLD): [NID 10005] [c23-1c1s5n3] [Wed Feb 12 01:54:15 2014] PE RANK 4416 exit signal Terminated
_pmiu_daemon(SIGCHLD): [NID 06146] [c16-0c0s1n0] [Wed Feb 12 01:54:16 2014] PE RANK 7874 exit signal Terminated
_pmiu_daemon(SIGCHLD): [NID 06142] [c14-0c0s0n0] [Wed Feb 12 01:54:15 2014] PE RANK 8007 exit signal Terminated
_pmiu_daemon(SIGCHLD): [NID 09989] [c23-1c2s2n3] [Wed Feb 12 01:54:15 2014] PE RANK 2442 exit signal Terminated
_pmiu_daemon(SIGCHLD): [NID 04607] [c10-0c0s0n1] [Wed Feb 12 01:54:15 2014] PE RANK 8146 exit signal Terminated
_pmiu_daemon(SIGCHLD): [NID 06049] [c14-0c0s0n3] [Wed Feb 12 01:54:15 2014] PE RANK 7986 exit signal Terminated
_pmiu_daemon(SIGCHLD): [NID 11432] [c21-1c2s4n0] [Wed Feb 12 01:54:15 2014] PE RANK 3194 exit signal Terminated
_pmiu_daemon(SIGCHLD): [NID 11597] [c19-1c1s6n1] [Wed Feb 12 01:54:15 2014] PE RANK 4045 exit signal Terminated
_pmiu_daemon(SIGCHLD): [NID 08492] [c22-1c0s6n2] [Wed Feb 12 01:54:16 2014] PE RANK 7524 exit signal Terminated
_pmiu_daemon(SIGCHLD): [NID 09990] [c23-1c2s3n2] [Wed Feb 12 01:54:15 2014] PE RANK 2514 exit signal Terminated
_pmiu_daemon(SIGCHLD): [NID 10048] [c23-1c1s0n0] [Wed Feb 12 01:54:15 2014] PE RANK 5426 exit signal Terminated
_pmiu_daemon(SIGCHLD): [NID 10057] [c23-1c1s4n1] [Wed Feb 12 01:54:16 2014] PE RANK 4480 exit signal Terminated
_pmiu_daemon(SIGCHLD): [NID 10015] [c23-1c1s0n3] [Wed Feb 12 01:54:15 2014] PE RANK 5474 exit signal Terminated
_pmiu_daemon(SIGCHLD): [NID 12977] [c17-1c1s7n1] [Wed Feb 12 01:54:16 2014] PE RANK 3912 exit signal Terminated
_pmiu_daemon(SIGCHLD): [NID 10078] [c23-1c2s0n0] [Wed Feb 12 01:54:15 2014] PE RANK 2261 exit signal Terminated
_pmiu_daemon(SIGCHLD): [NID 08394] [c20-1c0s5n0] [Wed Feb 12 01:54:15 2014] PE RANK 7175 exit signal Terminated
_pmiu_daemon(SIGCHLD): [NID 08405] [c20-1c0s5n3] [Wed Feb 12 01:54:15 2014] PE RANK 7222 exit signal Terminated
_pmiu_daemon(SIGCHLD): [NID 11539] [c19-1c1s6n3] [Wed Feb 12 01:54:15 2014] PE RANK 4067 exit signal Terminated
_pmiu_daemon(SIGCHLD): [NID 11442] [c21-1c1s6n0] [Wed Feb 12 01:54:15 2014] PE RANK 4307 exit signal Terminated
_pmiu_daemon(SIGCHLD): [NID 11529] [c19-1c2s4n3] [Wed Feb 12 01:54:16 2014] PE RANK 3138 exit signal Terminated
_pmiu_daemon(SIGCHLD): [NID 11456] [c21-1c0s0n0] [Wed Feb 12 01:54:15 2014] PE RANK 6142 exit signal Terminated
_pmiu_daemon(SIGCHLD): [NID 11426] [c21-1c2s1n0] [Wed Feb 12 01:54:16 2014] PE RANK 2324 exit signal Terminated
_pmiu_daemon(SIGCHLD): [NID 09992] [c23-1c2s4n2] [Wed Feb 12 01:54:15 2014] PE RANK 3250 exit signal Terminated
_pmiu_daemon(SIGCHLD): [NID 11605] [c19-1c2s5n1] [Wed Feb 12 01:54:15 2014] PE RANK 3086 exit signal Terminated
_pmiu_daemon(SIGCHLD): [NID 11495] [c21-1c1s3n3] [Wed Feb 12 01:54:15 2014] PE RANK 5154 exit signal Terminated
_pmiu_daemon(SIGCHLD): [NID 06957] [c18-1c0s6n3] [Wed Feb 12 01:54:15 2014] PE RANK 7283 exit signal Terminated
_pmiu_daemon(SIGCHLD): [NID 11430] [c21-1c2s3n0] [Wed Feb 12 01:54:15 2014] PE RANK 2581 exit signal Terminated
_pmiu_daemon(SIGCHLD): [NID 09987] [c23-1c2s1n3] [Wed Feb 12 01:54:16 2014] PE RANK 2406 exit signal Terminated
_pmiu_daemon(SIGCHLD): [NID 11505] [c21-1c2s7n3] [Wed Feb 12 01:54:16 2014] PE RANK 3593 exit signal Terminated
_pmiu_daemon(SIGCHLD): [NID 11437] [c21-1c2s6n1] [Wed Feb 12 01:54:16 2014] PE RANK 3651 exit signal Terminated
_pmiu_daemon(SIGCHLD): [NID 11365] [c21-3c2s2n1] [Wed Feb 12 01:54:16 2014] PE RANK 576 exit signal Terminated
_pmiu_daemon(SIGCHLD): [NID 10074] [c23-1c2s2n0] [Wed Feb 12 01:54:15 2014] PE RANK 2452 exit signal Terminated
_pmiu_daemon(SIGCHLD): [NID 11372] [c21-3c2s6n0] [Wed Feb 12 01:54:15 2014] PE RANK 1586 exit signal Terminated
_pmiu_daemon(SIGCHLD): [NID 10076] [c23-1c2s1n0] [Wed Feb 12 01:54:16 2014] PE RANK 2290 exit signal Terminated
_pmiu_daemon(SIGCHLD): [NID 11610] [c19-1c2s2n0] [Wed Feb 12 01:54:16 2014] PE RANK 2712 exit signal Terminated
_pmiu_daemon(SIGCHLD): [NID 09930] [c24-1c0s5n0] [Wed Feb 12 01:54:15 2014] PE RANK 6850 exit signal Terminated
_pmiu_daemon(SIGCHLD): [NID 10129] [c23-3c2s7n1] [Wed Feb 12 01:54:15 2014] PE RANK 1472 exit signal Terminated
_pmiu_daemon(SIGCHLD): [NID 10065] [c23-1c2s7n1] [Wed Feb 12 01:54:16 2014] PE RANK 3521 exit signal Terminated
_pmiu_daemon(SIGCHLD): [NID 11608] [c19-1c2s3n0] [Wed Feb 12 01:54:15 2014] PE RANK 2738 exit signal Terminated
_pmiu_daemon(SIGCHLD): [NID 04702] [c12-0c0s0n2] [Wed Feb 12 01:54:16 2014] PE RANK 8066 exit signal Terminated
_pmiu_daemon(SIGCHLD): [NID 12899] [c17-3c2s1n1] [Wed Feb 12 01:54:15 2014] PE RANK 34 exit signal Terminated
_pmiu_daemon(SIGCHLD): [NID 12990] [c17-1c1s0n0] [Wed Feb 12 01:54:15 2014] PE RANK 5841 exit signal Terminated
_pmiu_daemon(SIGCHLD): [NID 04604] [c10-0c0s1n0] [Wed Feb 12 01:54:16 2014] PE RANK 8172 exit signal Terminated
_pmiu_daemon(SIGCHLD): [NID 11583] [c19-1c0s0n1] [Wed Feb 12 01:54:16 2014] PE RANK 6112 exit signal Terminated
_pmiu_daemon(SIGCHLD): [NID 13025] [c17-1c1s0n3] [Wed Feb 12 01:54:16 2014] PE RANK 5760 exit signal Terminated
_pmiu_daemon(SIGCHLD): [NID 11537] [c19-1c1s7n3] [Wed Feb 12 01:54:15 2014] PE RANK 4098 exit signal Terminated
_pmiu_daemon(SIGCHLD): [NID 11671] [c19-3c2s4n1] [Wed Feb 12 01:54:16 2014] PE RANK 1123 exit signal Terminated
_pmiu_daemon(SIGCHLD): [NID 11361] [c21-3c2s0n1] [Wed Feb 12 01:54:16 2014] PE RANK 193 exit signal Terminated
_pmiu_daemon(SIGCHLD): [NID 10077] [c23-1c2s1n1] [Wed Feb 12 01:54:16 2014] PE RANK 2304 exit signal Terminated
_pmiu_daemon(SIGCHLD): [NID 06975] [c18-1c0s0n1] [Wed Feb 12 01:54:16 2014] PE RANK 6161 exit signal Terminated
_pmiu_daemon(SIGCHLD): [NID 08386] [c20-1c0s1n0] [Wed Feb 12 01:54:16 2014] PE RANK 6208 exit signal Terminated
_pmiu_daemon(SIGCHLD): [NID 10004] [c23-1c1s5n2] [Wed Feb 12 01:54:15 2014] PE RANK 4400 exit signal Terminated
_pmiu_daemon(SIGCHLD): [NID 10063] [c23-1c1s7n1] [Wed Feb 12 01:54:16 2014] PE RANK 4258 exit signal Terminated
_pmiu_daemon(SIGCHLD): [NID 11512] [c21-1c2s3n2] [Wed Feb 12 01:54:16 2014] PE RANK 2544 exit signal Terminated
_pmiu_daemon(SIGCHLD): [NID 11492] [c21-1c1s2n2] [Wed Feb 12 01:54:16 2014] PE RANK 5297 exit signal Terminated
_pmiu_daemon(SIGCHLD): [NID 11604] [c19-1c2s5n0] [Wed Feb 12 01:54:15 2014] PE RANK 3069 exit signal Terminated
_pmiu_daemon(SIGCHLD): [NID 12989] [c17-1c1s1n1] [Wed Feb 12 01:54:15 2014] PE RANK 5826 exit signal Terminated
_pmiu_daemon(SIGCHLD): [NID 10012] [c23-1c1s1n2] [Wed Feb 12 01:54:16 2014] PE RANK 5362 exit signal Terminated
_pmiu_daemon(SIGCHLD): [NID 10054] [c23-1c1s3n0] [Wed Feb 12 01:54:16 2014] PE RANK 5202 exit signal Terminated
_pmiu_daemon(SIGCHLD): [NID 09938] [c24-1c0s6n2] [Wed Feb 12 01:54:16 2014] PE RANK 7695 exit signal Terminated
_pmiu_daemon(SIGCHLD): [NID 13032] [c17-1c1s4n2] [Wed Feb 12 01:54:15 2014] PE RANK 4785 exit signal Terminated
_pmiu_daemon(SIGCHLD): [NID 11585] [c19-1c1s0n1] [Wed Feb 12 01:54:16 2014] PE RANK 5696 exit signal Terminated
_pmiu_daemon(SIGCHLD): [NID 10139] [c23-3c2s2n1] [Wed Feb 12 01:54:16 2014] PE RANK 418 exit signal Terminated
_pmiu_daemon(SIGCHLD): [NID 11550] [c19-1c1s0n2] [Wed Feb 12 01:54:16 2014] PE RANK 5713 exit signal Terminated
_pmiu_daemon(SIGCHLD): [NID 11596] [c19-1c1s6n0] [Wed Feb 12 01:54:16 2014] PE RANK 4019 exit signal Terminated
_pmiu_daemon(SIGCHLD): [NID 06969] [c18-1c0s3n1] [Wed Feb 12 01:54:16 2014] PE RANK 6330 exit signal Terminated
_pmiu_daemon(SIGCHLD): [NID 09993] [c23-1c2s4n3] [Wed Feb 12 01:54:15 2014] PE RANK 3276 exit signal Terminated
_pmiu_daemon(SIGCHLD): [NID 12961] [c17-1c2s0n1] [Wed Feb 12 01:54:15 2014] PE RANK 1924 exit signal Terminated
_pmiu_daemon(SIGCHLD): [NID 09925] [c24-1c0s2n1] [Wed Feb 12 01:54:16 2014] PE RANK 6706 exit signal Terminated
_pmiu_daemon(SIGCHLD): [NID 11386] [c21-3c2s2n2] [Wed Feb 12 01:54:16 2014] PE RANK 592 exit signal Terminated
_pmiu_daemon(SIGCHLD): [NID 13053] [c17-1c2s1n3] [Wed Feb 12 01:54:16 2014] PE RANK 1998 exit signal Terminated
_pmiu_daemon(SIGCHLD): [NID 08493] [c22-1c0s6n3] [Wed Feb 12 01:54:16 2014] PE RANK 7538 exit signal Terminated
_pmiu_daemon(SIGCHLD): [NID 12964] [c17-1c2s2n0] [Wed Feb 12 01:54:16 2014] PE RANK 2866 exit signal Terminated
_pmiu_daemon(SIGCHLD): [NID 08484] [c22-1c0s2n2] [Wed Feb 12 01:54:16 2014] PE RANK 6506 exit signal Terminated
_pmiu_daemon(SIGCHLD): [NID 09986] [c23-1c2s1n2] [Wed Feb 12 01:54:16 2014] PE RANK 2386 exit signal Terminated
_pmiu_daemon(SIGCHLD): [NID 12991] [c17-1c1s0n1] [Wed Feb 12 01:54:16 2014] PE RANK 5858 exit signal Terminated
_pmiu_daemon(SIGCHLD): [NID 11366] [c21-3c2s3n0] [Wed Feb 12 01:54:16 2014] PE RANK 540 exit signal Terminated
_pmiu_daemon(SIGCHLD): [NID 11503] [c21-1c1s7n3] [Wed Feb 12 01:54:16 2014] PE RANK 4196 exit signal Terminated
_pmiu_daemon(SIGCHLD): [NID 11672] [c19-3c2s3n0] [Wed Feb 12 01:54:16 2014] PE RANK 696 exit signal Terminated
_pmiu_daemon(SIGCHLD): [NID 11374] [c21-3c2s7n0] [Wed Feb 12 01:54:16 2014] PE RANK 1554 exit signal Terminated
_pmiu_daemon(SIGCHLD): [NID 06954] [c18-1c0s5n2] [Wed Feb 12 01:54:16 2014] PE RANK 7238 exit signal Terminated
_pmiu_daemon(SIGCHLD): [NID 06965] [c18-1c0s5n1] [Wed Feb 12 01:54:16 2014] PE RANK 7154 exit signal Terminated
_pmiu_daemon(SIGCHLD): [NID 08411] [c20-1c0s2n3] [Wed Feb 12 01:54:16 2014] PE RANK 6482 exit signal Terminated
_pmiu_daemon(SIGCHLD): [NID 09934] [c24-1c0s7n0] [Wed Feb 12 01:54:16 2014] PE RANK 7753 exit signal Terminated
_pmiu_daemon(SIGCHLD): [NID 12968] [c17-1c2s4n0] [Wed Feb 12 01:54:16 2014] PE RANK 2928 exit signal Terminated
_pmiu_daemon(SIGCHLD): [NID 08487] [c22-1c0s3n3] [Wed Feb 12 01:54:16 2014] PE RANK 6608 exit signal Terminated
_pmiu_daemon(SIGCHLD): [NID 11580] [c19-1c0s1n0] [Wed Feb 12 01:54:16 2014] PE RANK 6008 exit signal Terminated
_pmiu_daemon(SIGCHLD): [NID 11427] [c21-1c2s1n1] [Wed Feb 12 01:54:16 2014] PE RANK 2343 exit signal Terminated
_pmiu_daemon(SIGCHLD): [NID 10000] [c23-1c1s7n2] [Wed Feb 12 01:54:16 2014] PE RANK 4222 exit signal Terminated
_pmiu_daemon(SIGCHLD): [NID 10069] [c23-1c2s5n1] [Wed Feb 12 01:54:16 2014] PE RANK 3330 exit signal Terminated
_pmiu_daemon(SIGCHLD): [NID 09942] [c24-1c0s4n2] [Wed Feb 12 01:54:16 2014] PE RANK 6797 exit signal Terminated
_pmiu_daemon(SIGCHLD): [NID 10125] [c23-3c2s6n3] [Wed Feb 12 01:54:16 2014] PE RANK 1410 exit signal Terminated
_pmiu_daemon(SIGCHLD): [NID 06140] [c14-0c0s1n0] [Wed Feb 12 01:54:16 2014] PE RANK 7905 exit signal Terminated
_pmiu_daemon(SIGCHLD): [NID 06961] [c18-1c0s7n1] [Wed Feb 12 01:54:16 2014] PE RANK 7353 exit signal Terminated
_pmiu_daemon(SIGCHLD): [NID 10135] [c23-3c2s4n1] [Wed Feb 12 01:54:16 2014] PE RANK 1249 exit signal Terminated
_pmiu_daemon(SIGCHLD): [NID 13033] [c17-1c1s4n3] [Wed Feb 12 01:54:16 2014] PE RANK 4804 exit signal Terminated
_pmiu_daemon(SIGCHLD): [NID 11436] [c21-1c2s6n0] [Wed Feb 12 01:54:16 2014] PE RANK 3645 exit signal Terminated
_pmiu_daemon(SIGCHLD): [NID 10123] [c23-3c2s5n3] [Wed Feb 12 01:54:16 2014] PE RANK 1381 exit signal Terminated
_pmiu_daemon(SIGCHLD): [NID 11607] [c19-1c2s4n1] [Wed Feb 12 01:54:16 2014] PE RANK 3170 exit signal Terminated
_pmiu_daemon(SIGCHLD): [NID 09985] [c23-1c2s0n3] [Wed Feb 12 01:54:16 2014] PE RANK 2241 exit signal Terminated
_pmiu_daemon(SIGCHLD): [NID 09994] [c23-1c2s5n2] [Wed Feb 12 01:54:16 2014] PE RANK 3408 exit signal Terminated
_pmiu_daemon(SIGCHLD): [NID 11424] [c21-1c2s0n0] [Wed Feb 12 01:54:16 2014] PE RANK 2174 exit signal Terminated
_pmiu_daemon(SIGCHLD): [NID 10079] [c23-1c2s0n1] [Wed Feb 12 01:54:16 2014] PE RANK 2272 exit signal Terminated
_pmiu_daemon(SIGCHLD): [NID 11454] [c21-1c1s0n0] [Wed Feb 12 01:54:16 2014] PE RANK 5523 exit signal Terminated
_pmiu_daemon(SIGCHLD): [NID 10112] [c23-3c2s0n2] [Wed Feb 12 01:54:16 2014] PE RANK 242 exit signal Terminated
_pmiu_daemon(SIGCHLD): [NID 11525] [c19-1c2s2n3] [Wed Feb 12 01:54:16 2014] PE RANK 2689 exit signal Terminated
_pmiu_daemon(SIGCHLD): [NID 11371] [c21-3c2s5n1] [Wed Feb 12 01:54:16 2014] PE RANK 1313 exit signal Terminated
_pmiu_daemon(SIGCHLD): [NID 13027] [c17-1c1s1n3] [Wed Feb 12 01:54:16 2014] PE RANK 5794 exit signal Terminated
_pmiu_daemon(SIGCHLD): [NID 12986] [c17-1c1s2n0] [Wed Feb 12 01:54:16 2014] PE RANK 4944 exit signal Terminated
_pmiu_daemon(SIGCHLD): [NID 12923] [c17-3c2s2n3] [Wed Feb 12 01:54:16 2014] PE RANK 809 exit signal Terminated
_pmiu_daemon(SIGCHLD): [NID 12975] [c17-1c2s7n1] [Wed Feb 12 01:54:16 2014] PE RANK 3885 exit signal Terminated
_pmiu_daemon(SIGCHLD): [NID 08507] [c22-1c0s2n1] [Wed Feb 12 01:54:16 2014] PE RANK 6558 exit signal Terminated
_pmiu_daemon(SIGCHLD): [NID 12962] [c17-1c2s1n0] [Wed Feb 12 01:54:16 2014] PE RANK 2003 exit signal Terminated
_pmiu_daemon(SIGCHLD): [NID 10053] [c23-1c1s2n1] [Wed Feb 12 01:54:16 2014] PE RANK 5249 exit signal Terminated
_pmiu_daemon(SIGCHLD): [NID 08389] [c20-1c0s2n1] [Wed Feb 12 01:54:16 2014] PE RANK 6450 exit signal Terminated
_pmiu_daemon(SIGCHLD): [NID 12914] [c17-3c2s6n2] [Wed Feb 12 01:54:16 2014] PE RANK 1818 exit signal Terminated
_pmiu_daemon(SIGCHLD): [NID 12984] [c17-1c1s3n0] [Wed Feb 12 01:54:16 2014] PE RANK 4848 exit signal Terminated
_pmiu_daemon(SIGCHLD): [NID 10001] [c23-1c1s7n3] [Wed Feb 12 01:54:16 2014] PE RANK 4238 exit signal Terminated
_pmiu_daemon(SIGCHLD): [NID 11656] [c19-3c2s4n2] [Wed Feb 12 01:54:16 2014] PE RANK 1086 exit signal Terminated
_pmiu_daemon(SIGCHLD): [NID 08396] [c20-1c0s6n0] [Wed Feb 12 01:54:16 2014] PE RANK 7469 exit signal Terminated
_pmiu_daemon(SIGCHLD): [NID 06947] [c18-1c0s1n3] [Wed Feb 12 01:54:16 2014] PE RANK 6302 exit signal Terminated
_pmiu_daemon(SIGCHLD): [NID 11373] [c21-3c2s6n1] [Wed Feb 12 01:54:16 2014] PE RANK 1612 exit signal Terminated
_pmiu_daemon(SIGCHLD): [NID 08402] [c20-1c0s6n2] [Wed Feb 12 01:54:16 2014] PE RANK 7490 exit signal Terminated
_pmiu_daemon(SIGCHLD): [NID 11614] [c19-1c2s0n0] [Wed Feb 12 01:54:16 2014] PE RANK 2130 exit signal Terminated
_pmiu_daemon(SIGCHLD): [NID 10052] [c23-1c1s2n0] [Wed Feb 12 01:54:16 2014] PE RANK 5239 exit signal Terminated
_pmiu_daemon(SIGCHLD): [NID 06959] [c18-1c0s7n3] [Wed Feb 12 01:54:16 2014] PE RANK 7387 exit signal Terminated
_pmiu_daemon(SIGCHLD): [NID 11498] [c21-1c1s5n2] [Wed Feb 12 01:54:16 2014] PE RANK 4624 exit signal Terminated
_pmiu_daemon(SIGCHLD): [NID 06958] [c18-1c0s7n2] [Wed Feb 12 01:54:16 2014] PE RANK 7363 exit signal Terminated
_pmiu_daemon(SIGCHLD): [NID 12965] [c17-1c2s2n1] [Wed Feb 12 01:54:16 2014] PE RANK 2889 exit signal Terminated
_pmiu_daemon(SIGCHLD): [NID 11593] [c19-1c1s4n1] [Wed Feb 12 01:54:16 2014] PE RANK 4737 exit signal Terminated
_pmiu_daemon(SIGCHLD): [NID 11542] [c19-1c1s4n2] [Wed Feb 12 01:54:16 2014] PE RANK 4754 exit signal Terminated
_pmiu_daemon(SIGCHLD): [NID 11543] [c19-1c1s4n3] [Wed Feb 12 01:54:16 2014] PE RANK 4770 exit signal Terminated
_pmiu_daemon(SIGCHLD): [NID 10116] [c23-3c2s2n2] [Wed Feb 12 01:54:16 2014] PE RANK 368 exit signal Terminated
_pmiu_daemon(SIGCHLD): [NID 11652] [c19-3c2s2n2] [Wed Feb 12 01:54:16 2014] PE RANK 627 exit signal Terminated
_pmiu_daemon(SIGCHLD): [NID 13040] [c17-1c2s7n2] [Wed Feb 12 01:54:16 2014] PE RANK 3768 exit signal Terminated
_pmiu_daemon(SIGCHLD): [NID 12982] [c17-1c1s4n0] [Wed Feb 12 01:54:16 2014] PE RANK 4824 exit signal Terminated
_pmiu_daemon(SIGCHLD): [NID 11675] [c19-3c2s2n1] [Wed Feb 12 01:54:16 2014] PE RANK 687 exit signal Terminated
_pmiu_daemon(SIGCHLD): [NID 11376] [c21-3c2s7n2] [Wed Feb 12 01:54:16 2014] PE RANK 1522 exit signal Terminated
_pmiu_daemon(SIGCHLD): [NID 12963] [c17-1c2s1n1] [Wed Feb 12 01:54:16 2014] PE RANK 2024 exit signal Terminated
_pmiu_daemon(SIGCHLD): [NID 13052] [c17-1c2s1n2] [Wed Feb 12 01:54:16 2014] PE RANK 1968 exit signal Terminated
_pmiu_daemon(SIGCHLD): [NID 09924] [c24-1c0s2n0] [Wed Feb 12 01:54:16 2014] PE RANK 6689 exit signal Terminated
_pmiu_daemon(SIGCHLD): [NID 06951] [c18-1c0s3n3] [Wed Feb 12 01:54:16 2014] PE RANK 6357 exit signal Terminated
_pmiu_daemon(SIGCHLD): [NID 06973] [c18-1c0s1n1] [Wed Feb 12 01:54:16 2014] PE RANK 6192 exit signal Terminated
_pmiu_daemon(SIGCHLD): [NID 11519] [c21-1c2s0n3] [Wed Feb 12 01:54:16 2014] PE RANK 2210 exit signal Terminated
_pmiu_daemon(SIGCHLD): [NID 11425] [c21-1c2s0n1] [Wed Feb 12 01:54:16 2014] PE RANK 2190 exit signal Terminated
_pmiu_daemon(SIGCHLD): [NID 10133] [c23-3c2s5n1] [Wed Feb 12 01:54:16 2014] PE RANK 1281 exit signal Terminated
_pmiu_daemon(SIGCHLD): [NID 12973] [c17-1c2s6n1] [Wed Feb 12 01:54:16 2014] PE RANK 3841 exit signal Terminated
_pmiu_daemon(SIGCHLD): [NID 11553] [c19-1c0s0n3] [Wed Feb 12 01:54:16 2014] PE RANK 6085 exit signal Terminated
_pmiu_daemon(SIGCHLD): [NID 10068] [c23-1c2s5n0] [Wed Feb 12 01:54:16 2014] PE RANK 3314 exit signal Terminated
_pmiu_daemon(SIGCHLD): [NID 10143] [c23-3c2s0n1] [Wed Feb 12 01:54:16 2014] PE RANK 290 exit signal Terminated
_pmiu_daemon(SIGCHLD): [NID 06955] [c18-1c0s5n3] [Wed Feb 12 01:54:16 2014] PE RANK 7250 exit signal Terminated
_pmiu_daemon(SIGCHLD): [NID 13051] [c17-1c2s2n3] [Wed Feb 12 01:54:16 2014] PE RANK 2853 exit signal Terminated
_pmiu_daemon(SIGCHLD): [NID 09933] [c24-1c0s6n1] [Wed Feb 12 01:54:16 2014] PE RANK 7737 exit signal Terminated
_pmiu_daemon(SIGCHLD): [NID 08410] [c20-1c0s2n2] [Wed Feb 12 01:54:16 2014] PE RANK 6478 exit signal Terminated
_pmiu_daemon(SIGCHLD): [NID 12909] [c17-3c2s6n1] [Wed Feb 12 01:54:16 2014] PE RANK 1858 exit signal Terminated
aprun: Apid 4466363: Caught signal Terminated, sending to application
_pmiu_daemon(SIGCHLD): [NID 08399] [c20-1c0s7n1] [Wed Feb 12 01:54:16 2014] PE RANK 7453 exit signal Terminated
_pmiu_daemon(SIGCHLD): [NID 11530] [c19-1c2s5n2] [Wed Feb 12 01:54:16 2014] PE RANK 3098 exit signal Terminated
_pmiu_daemon(SIGCHLD): [NID 13029] [c17-1c1s2n3] [Wed Feb 12 01:54:16 2014] PE RANK 4928 exit signal Terminated
_pmiu_daemon(SIGCHLD): [NID 11657] [c19-3c2s4n3] [Wed Feb 12 01:54:16 2014] PE RANK 1093 exit signal Terminated
_pmiu_daemon(SIGCHLD): [NID 11612] [c19-1c2s1n0] [Wed Feb 12 01:54:16 2014] PE RANK 2037 exit signal Terminated
_pmiu_daemon(SIGCHLD): [NID 04608] [c12-0c0s0n0] [Wed Feb 12 01:54:16 2014] PE RANK 8042 exit signal Terminated
_pmiu_daemon(SIGCHLD): [NID 08387] [c20-1c0s1n1] [Wed Feb 12 01:54:16 2014] PE RANK 6233 exit signal Terminated
_pmiu_daemon(SIGCHLD): [NID 09928] [c24-1c0s4n0] [Wed Feb 12 01:54:16 2014] PE RANK 6766 exit signal Terminated
_pmiu_daemon(SIGCHLD): [NID 13026] [c17-1c1s1n2] [Wed Feb 12 01:54:16 2014] PE RANK 5777 exit signal Terminated
_pmiu_daemon(SIGCHLD): [NID 11590] [c19-1c1s3n0] [Wed Feb 12 01:54:16 2014] PE RANK 5072 exit signal Terminated
_pmiu_daemon(SIGCHLD): [NID 11387] [c21-3c2s2n3] [Wed Feb 12 01:54:16 2014] PE RANK 610 exit signal Terminated
_pmiu_daemon(SIGCHLD): [NID 11526] [c19-1c2s3n2] [Wed Feb 12 01:54:16 2014] PE RANK 2770 exit signal Terminated
_pmiu_daemon(SIGCHLD): [NID 12900] [c17-3c2s2n0] [Wed Feb 12 01:54:16 2014] PE RANK 825 exit signal Terminated
_pmiu_daemon(SIGCHLD): [NID 11584] [c19-1c1s0n0] [Wed Feb 12 01:54:16 2014] PE RANK 5682 exit signal Terminated
_pmiu_daemon(SIGCHLD): [NID 09946] [c24-1c0s2n2] [Wed Feb 12 01:54:16 2014] PE RANK 6661 exit signal Terminated
_pmiu_daemon(SIGCHLD): [NID 11661] [c19-3c2s6n3] [Wed Feb 12 01:54:16 2014] PE RANK 1666 exit signal Terminated
_pmiu_daemon(SIGCHLD): [NID 13030] [c17-1c1s3n2] [Wed Feb 12 01:54:16 2014] PE RANK 4881 exit signal Terminated
_pmiu_daemon(SIGCHLD): [NID 08499] [c22-1c0s6n1] [Wed Feb 12 01:54:16 2014] PE RANK 7570 exit signal Terminated
_pmiu_daemon(SIGCHLD): [NID 08490] [c22-1c0s5n2] [Wed Feb 12 01:54:16 2014] PE RANK 6914 exit signal Terminated
_pmiu_daemon(SIGCHLD): [NID 08502] [c22-1c0s4n0] [Wed Feb 12 01:54:16 2014] PE RANK 6981 exit signal Terminated
_pmiu_daemon(SIGCHLD): [NID 10137] [c23-3c2s3n1] [Wed Feb 12 01:54:16 2014] PE RANK 449 exit signal Terminated
_pmiu_daemon(SIGCHLD): [NID 06967] [c18-1c0s4n1] [Wed Feb 12 01:54:16 2014] PE RANK 7129 exit signal Terminated
_pmiu_daemon(SIGCHLD): [NID 10056] [c23-1c1s4n0] [Wed Feb 12 01:54:16 2014] PE RANK 4467 exit signal Terminated
_pmiu_daemon(SIGCHLD): [NID 11595] [c19-1c1s5n1] [Wed Feb 12 01:54:16 2014] PE RANK 4705 exit signal Terminated
_pmiu_daemon(SIGCHLD): [NID 11598] [c19-1c1s7n0] [Wed Feb 12 01:54:16 2014] PE RANK 4120 exit signal Terminated
_pmiu_daemon(SIGCHLD): [NID 10071] [c23-1c2s4n1] [Wed Feb 12 01:54:16 2014] PE RANK 3305 exit signal Terminated
_pmiu_daemon(SIGCHLD): [NID 11370] [c21-3c2s5n0] [Wed Feb 12 01:54:16 2014] PE RANK 1303 exit signal Terminated
_pmiu_daemon(SIGCHLD): [NID 13045] [c17-1c2s5n3] [Wed Feb 12 01:54:16 2014] PE RANK 3009 exit signal Terminated
_pmiu_daemon(SIGCHLD): [NID 10126] [c23-3c2s7n2] [Wed Feb 12 01:54:16 2014] PE RANK 1490 exit signal Terminated
_pmiu_daemon(SIGCHLD): [NID 11509] [c21-1c2s5n3] [Wed Feb 12 01:54:16 2014] PE RANK 3393 exit signal Terminated
_pmiu_daemon(SIGCHLD): [NID 11506] [c21-1c2s6n2] [Wed Feb 12 01:54:16 2014] PE RANK 3666 exit signal Terminated
_pmiu_daemon(SIGCHLD): [NID 11450] [c21-1c1s2n0] [Wed Feb 12 01:54:16 2014] PE RANK 5266 exit signal Terminated
_pmiu_daemon(SIGCHLD): [NID 06952] [c18-1c0s4n2] [Wed Feb 12 01:54:16 2014] PE RANK 7072 exit signal Terminated
_pmiu_daemon(SIGCHLD): [NID 13031] [c17-1c1s3n3] [Wed Feb 12 01:54:16 2014] PE RANK 4911 exit signal Terminated
_pmiu_daemon(SIGCHLD): [NID 11389] [c21-3c2s1n3] [Wed Feb 12 01:54:16 2014] PE RANK 354 exit signal Terminated
_pmiu_daemon(SIGCHLD): [NID 10008] [c23-1c1s3n2] [Wed Feb 12 01:54:16 2014] PE RANK 5175 exit signal Terminated
_pmiu_daemon(SIGCHLD): [NID 10138] [c23-3c2s2n0] [Wed Feb 12 01:54:16 2014] PE RANK 402 exit signal Terminated
_pmiu_daemon(SIGCHLD): [NID 13037] [c17-1c1s6n3] [Wed Feb 12 01:54:16 2014] PE RANK 3968 exit signal Terminated
_pmiu_daemon(SIGCHLD): [NID 06968] [c18-1c0s3n0] [Wed Feb 12 01:54:16 2014] PE RANK 6305 exit signal Terminated
_pmiu_daemon(SIGCHLD): [NID 11552] [c19-1c0s0n2] [Wed Feb 12 01:54:16 2014] PE RANK 6074 exit signal Terminated
_pmiu_daemon(SIGCHLD): [NID 11369] [c21-3c2s4n1] [Wed Feb 12 01:54:16 2014] PE RANK 1155 exit signal Terminated
_pmiu_daemon(SIGCHLD): [NID 08393] [c20-1c0s4n1] [Wed Feb 12 01:54:16 2014] PE RANK 7033 exit signal Terminated
_pmiu_daemon(SIGCHLD): [NID 11441] [c21-1c1s7n1] [Wed Feb 12 01:54:16 2014] PE RANK 4161 exit signal Terminated
_pmiu_daemon(SIGCHLD): [NID 11524] [c19-1c2s2n2] [Wed Feb 12 01:54:16 2014] PE RANK 2673 exit signal Terminated
_pmiu_daemon(SIGCHLD): [NID 12925] [c17-3c2s1n3] [Wed Feb 12 01:54:16 2014] PE RANK 0 exit signal Terminated
_pmiu_daemon(SIGCHLD): [NID 10118] [c23-3c2s3n2] [Wed Feb 12 01:54:16 2014] PE RANK 466 exit signal Terminated
_pmiu_daemon(SIGCHLD): [NID 10051] [c23-1c1s1n1] [Wed Feb 12 01:54:16 2014] PE RANK 5413 exit signal Terminated
_pmiu_daemon(SIGCHLD): [NID 11429] [c21-1c2s2n1] [Wed Feb 12 01:54:16 2014] PE RANK 2626 exit signal Terminated
_pmiu_daemon(SIGCHLD): [NID 10010] [c23-1c1s2n2] [Wed Feb 12 01:54:16 2014] PE RANK 5333 exit signal Terminated
_pmiu_daemon(SIGCHLD): [NID 10007] [c23-1c1s4n3] [Wed Feb 12 01:54:16 2014] PE RANK 4514 exit signal Terminated
_pmiu_daemon(SIGCHLD): [NID 11606] [c19-1c2s4n0] [Wed Feb 12 01:54:16 2014] PE RANK 3154 exit signal Terminated
_pmiu_daemon(SIGCHLD): [NID 12904] [c17-3c2s4n0] [Wed Feb 12 01:54:16 2014] PE RANK 889 exit signal Terminated
_pmiu_daemon(SIGCHLD): [NID 11449] [c21-1c1s3n1] [Wed Feb 12 01:54:16 2014] PE RANK 5120 exit signal Terminated
_pmiu_daemon(SIGCHLD): [NID 10009] [c23-1c1s3n3] [Wed Feb 12 01:54:16 2014] PE RANK 5184 exit signal Terminated
_pmiu_daemon(SIGCHLD): [NID 11517] [c21-1c2s1n3] [Wed Feb 12 01:54:16 2014] PE RANK 2370 exit signal Terminated
_pmiu_daemon(SIGCHLD): [NID 11548] [c19-1c1s1n2] [Wed Feb 12 01:54:16 2014] PE RANK 5626 exit signal Terminated
_pmiu_daemon(SIGCHLD): [NID 11551] [c19-1c1s0n3] [Wed Feb 12 01:54:16 2014] PE RANK 5736 exit signal Terminated
_pmiu_daemon(SIGCHLD): [NID 08505] [c22-1c0s3n1] [Wed Feb 12 01:54:16 2014] PE RANK 6578 exit signal Terminated
_pmiu_daemon(SIGCHLD): [NID 11448] [c21-1c1s3n0] [Wed Feb 12 01:54:16 2014] PE RANK 5109 exit signal Terminated
_pmiu_daemon(SIGCHLD): [NID 11545] [c19-1c1s3n3] [Wed Feb 12 01:54:16 2014] PE RANK 5056 exit signal Terminated
_pmiu_daemon(SIGCHLD): [NID 04609] [c12-0c0s0n1] [Wed Feb 12 01:54:16 2014] PE RANK 8055 exit signal Terminated
_pmiu_daemon(SIGCHLD): [NID 04703] [c12-0c0s0n3] [Wed Feb 12 01:54:16 2014] PE RANK 8082 exit signal Terminated
_pmiu_daemon(SIGCHLD): [NID 10120] [c23-3c2s4n2] [Wed Feb 12 01:54:16 2014] PE RANK 1201 exit signal Terminated
_pmiu_daemon(SIGCHLD): [NID 10136] [c23-3c2s3n0] [Wed Feb 12 01:54:16 2014] PE RANK 433 exit signal Terminated
_pmiu_daemon(SIGCHLD): [NID 08391] [c20-1c0s3n1] [Wed Feb 12 01:54:16 2014] PE RANK 6416 exit signal Terminated
_pmiu_daemon(SIGCHLD): [NID 11375] [c21-3c2s7n1] [Wed Feb 12 01:54:16 2014] PE RANK 1570 exit signal Terminated
_pmiu_daemon(SIGCHLD): [NID 09945] [c24-1c0s3n3] [Wed Feb 12 01:54:16 2014] PE RANK 6640 exit signal Terminated
_pmiu_daemon(SIGCHLD): [NID 11443] [c21-1c1s6n1] [Wed Feb 12 01:54:16 2014] PE RANK 4321 exit signal Terminated
_pmiu_daemon(SIGCHLD): [NID 11451] [c21-1c1s2n1] [Wed Feb 12 01:54:16 2014] PE RANK 5281 exit signal Terminated
_pmiu_daemon(SIGCHLD): [NID 11599] [c19-1c1s7n1] [Wed Feb 12 01:54:16 2014] PE RANK 4129 exit signal Terminated
_pmiu_daemon(SIGCHLD): [NID 11504] [c21-1c2s7n2] [Wed Feb 12 01:54:16 2014] PE RANK 3576 exit signal Terminated
_pmiu_daemon(SIGCHLD): [NID 11378] [c21-3c2s6n2] [Wed Feb 12 01:54:16 2014] PE RANK 1618 exit signal Terminated
_pmiu_daemon(SIGCHLD): [NID 10073] [c23-1c2s3n1] [Wed Feb 12 01:54:16 2014] PE RANK 2503 exit signal Terminated
_pmiu_daemon(SIGCHLD): [NID 08398] [c20-1c0s7n0] [Wed Feb 12 01:54:16 2014] PE RANK 7426 exit signal Terminated
_pmiu_daemon(SIGCHLD): [NID 11659] [c19-3c2s5n3] [Wed Feb 12 01:54:16 2014] PE RANK 1060 exit signal Terminated
_pmiu_daemon(SIGCHLD): [NID 11493] [c21-1c1s2n3] [Wed Feb 12 01:54:16 2014] PE RANK 5314 exit signal Terminated
_pmiu_daemon(SIGCHLD): [NID 04513] [c10-0c0s0n3] [Wed Feb 12 01:54:16 2014] PE RANK 8116 exit signal Terminated
_pmiu_daemon(SIGCHLD): [NID 06143] [c14-0c0s0n1] [Wed Feb 12 01:54:16 2014] PE RANK 8029 exit signal Terminated
_pmiu_daemon(SIGCHLD): [NID 11379] [c21-3c2s6n3] [Wed Feb 12 01:54:16 2014] PE RANK 1634 exit signal Terminated
_pmiu_daemon(SIGCHLD): [NID 10130] [c23-3c2s6n0] [Wed Feb 12 01:54:16 2014] PE RANK 1436 exit signal Terminated
_pmiu_daemon(SIGCHLD): [NID 08392] [c20-1c0s4n0] [Wed Feb 12 01:54:16 2014] PE RANK 7014 exit signal Terminated
_pmiu_daemon(SIGCHLD): [NID 11533] [c19-1c2s6n3] [Wed Feb 12 01:54:16 2014] PE RANK 3714 exit signal Terminated
_pmiu_daemon(SIGCHLD): [NID 11613] [c19-1c2s1n1] [Wed Feb 12 01:54:16 2014] PE RANK 2059 exit signal Terminated
_pmiu_daemon(SIGCHLD): [NID 11494] [c21-1c1s3n2] [Wed Feb 12 01:54:16 2014] PE RANK 5150 exit signal Terminated
_pmiu_daemon(SIGCHLD): [NID 06946] [c18-1c0s1n2] [Wed Feb 12 01:54:16 2014] PE RANK 6273 exit signal Terminated
_pmiu_daemon(SIGCHLD): [NID 10121] [c23-3c2s4n3] [Wed Feb 12 01:54:16 2014] PE RANK 1217 exit signal Terminated
_pmiu_daemon(SIGCHLD): [NID 08406] [c20-1c0s4n2] [Wed Feb 12 01:54:16 2014] PE RANK 7048 exit signal Terminated
_pmiu_daemon(SIGCHLD): [NID 08503] [c22-1c0s4n1] [Wed Feb 12 01:54:16 2014] PE RANK 7001 exit signal Terminated
_pmiu_daemon(SIGCHLD): [NID 11586] [c19-1c1s1n0] [Wed Feb 12 01:54:16 2014] PE RANK 5662 exit signal Terminated
_pmiu_daemon(SIGCHLD): [NID 10072] [c23-1c2s3n0] [Wed Feb 12 01:54:16 2014] PE RANK 2481 exit signal Terminated
_pmiu_daemon(SIGCHLD): [NID 13028] [c17-1c1s2n2] [Wed Feb 12 01:54:16 2014] PE RANK 4926 exit signal Terminated
_pmiu_daemon(SIGCHLD): [NID 11499] [c21-1c1s5n3] [Wed Feb 12 01:54:16 2014] PE RANK 4640 exit signal Terminated
_pmiu_daemon(SIGCHLD): [NID 11380] [c21-3c2s5n2] [Wed Feb 12 01:54:16 2014] PE RANK 1342 exit signal Terminated
_pmiu_daemon(SIGCHLD): [NID 09941] [c24-1c0s5n3] [Wed Feb 12 01:54:16 2014] PE RANK 6835 exit signal Terminated
_pmiu_daemon(SIGCHLD): [NID 06048] [c14-0c0s0n2] [Wed Feb 12 01:54:16 2014] PE RANK 7969 exit signal Terminated
_pmiu_daemon(SIGCHLD): [NID 11391] [c21-3c2s0n3] [Wed Feb 12 01:54:16 2014] PE RANK 238 exit signal Terminated
_pmiu_daemon(SIGCHLD): [NID 11507] [c21-1c2s6n3] [Wed Feb 12 01:54:16 2014] PE RANK 3690 exit signal Terminated
_pmiu_daemon(SIGCHLD): [NID 11381] [c21-3c2s5n3] [Wed Feb 12 01:54:16 2014] PE RANK 1353 exit signal Terminated
_pmiu_daemon(SIGCHLD): [NID 11591] [c19-1c1s3n1] [Wed Feb 12 01:54:16 2014] PE RANK 5089 exit signal Terminated
_pmiu_daemon(SIGCHLD): [NID 08488] [c22-1c0s4n2] [Wed Feb 12 01:54:16 2014] PE RANK 6952 exit signal Terminated
_pmiu_daemon(SIGCHLD): [NID 08501] [c22-1c0s5n1] [Wed Feb 12 01:54:16 2014] PE RANK 6898 exit signal Terminated
_pmiu_daemon(SIGCHLD): [NID 11453] [c21-1c1s1n1] [Wed Feb 12 01:54:16 2014] PE RANK 5570 exit signal Terminated
_pmiu_daemon(SIGCHLD): [NID 11502] [c21-1c1s7n2] [Wed Feb 12 01:54:16 2014] PE RANK 4178 exit signal Terminated
_pmiu_daemon(SIGCHLD): [NID 10128] [c23-3c2s7n0] [Wed Feb 12 01:54:16 2014] PE RANK 1461 exit signal Terminated
_pmiu_daemon(SIGCHLD): [NID 09932] [c24-1c0s6n0] [Wed Feb 12 01:54:16 2014] PE RANK 7726 exit signal Terminated
_pmiu_daemon(SIGCHLD): [NID 06950] [c18-1c0s3n2] [Wed Feb 12 01:54:16 2014] PE RANK 6346 exit signal Terminated
_pmiu_daemon(SIGCHLD): [NID 11554] [c19-1c0s1n2] [Wed Feb 12 01:54:16 2014] PE RANK 6035 exit signal Terminated
_pmiu_daemon(SIGCHLD): [NID 11541] [c19-1c1s5n3] [Wed Feb 12 01:54:16 2014] PE RANK 4672 exit signal Terminated
_pmiu_daemon(SIGCHLD): [NID 13054] [c17-1c2s0n2] [Wed Feb 12 01:54:16 2014] PE RANK 1945 exit signal Terminated
_pmiu_daemon(SIGCHLD): [NID 10124] [c23-3c2s6n2] [Wed Feb 12 01:54:16 2014] PE RANK 1405 exit signal Terminated
_pmiu_daemon(SIGCHLD): [NID 09999] [c23-1c2s7n3] [Wed Feb 12 01:54:16 2014] PE RANK 3561 exit signal Terminated
_pmiu_daemon(SIGCHLD): [NID 08403] [c20-1c0s6n3] [Wed Feb 12 01:54:16 2014] PE RANK 7516 exit signal Terminated
_pmiu_daemon(SIGCHLD): [NID 08506] [c22-1c0s2n0] [Wed Feb 12 01:54:16 2014] PE RANK 6530 exit signal Terminated
_pmiu_daemon(SIGCHLD): [NID 08412] [c20-1c0s1n2] [Wed Feb 12 01:54:16 2014] PE RANK 6254 exit signal Terminated
_pmiu_daemon(SIGCHLD): [NID 13020] [c17-1c0s1n2] [Wed Feb 12 01:54:16 2014] PE RANK 5945 exit signal Terminated
_pmiu_daemon(SIGCHLD): [NID 11527] [c19-1c2s3n3] [Wed Feb 12 01:54:16 2014] PE RANK 2798 exit signal Terminated
_pmiu_daemon(SIGCHLD): [NID 11546] [c19-1c1s2n2] [Wed Feb 12 01:54:16 2014] PE RANK 5019 exit signal Terminated
_pmiu_daemon(SIGCHLD): [NID 09931] [c24-1c0s5n1] [Wed Feb 12 01:54:16 2014] PE RANK 6874 exit signal Terminated
_pmiu_daemon(SIGCHLD): [NID 11363] [c21-3c2s1n1] [Wed Feb 12 01:54:16 2014] PE RANK 320 exit signal Terminated
_pmiu_daemon(SIGCHLD): [NID 12988] [c17-1c1s1n0] [Wed Feb 12 01:54:16 2014] PE RANK 5814 exit signal Terminated
_pmiu_daemon(SIGCHLD): [NID 08491] [c22-1c0s5n3] [Wed Feb 12 01:54:16 2014] PE RANK 6930 exit signal Terminated
_pmiu_daemon(SIGCHLD): [NID 12983] [c17-1c1s4n1] [Wed Feb 12 01:54:16 2014] PE RANK 4834 exit signal Terminated
_pmiu_daemon(SIGCHLD): [NID 11536] [c19-1c1s7n2] [Wed Feb 12 01:54:16 2014] PE RANK 4089 exit signal Terminated
_pmiu_daemon(SIGCHLD): [NID 10060] [c23-1c1s6n0] [Wed Feb 12 01:54:16 2014] PE RANK 4281 exit signal Terminated
_pmiu_daemon(SIGCHLD): [NID 12903] [c17-3c2s3n1] [Wed Feb 12 01:54:16 2014] PE RANK 877 exit signal Terminated
_pmiu_daemon(SIGCHLD): [NID 06145] [c16-0c0s0n1] [Wed Feb 12 01:54:16 2014] PE RANK 7805 exit signal Terminated
_pmiu_daemon(SIGCHLD): [NID 11666] [c19-3c2s6n0] [Wed Feb 12 01:54:16 2014] PE RANK 1691 exit signal Terminated
_pmiu_daemon(SIGCHLD): [NID 11531] [c19-1c2s5n3] [Wed Feb 12 01:54:16 2014] PE RANK 3113 exit signal Terminated
_pmiu_daemon(SIGCHLD): [NID 11547] [c19-1c1s2n3] [Wed Feb 12 01:54:16 2014] PE RANK 5033 exit signal Terminated
_pmiu_daemon(SIGCHLD): [NID 11544] [c19-1c1s3n2] [Wed Feb 12 01:54:16 2014] PE RANK 5043 exit signal Terminated
_pmiu_daemon(SIGCHLD): [NID 06963] [c18-1c0s6n1] [Wed Feb 12 01:54:16 2014] PE RANK 7314 exit signal Terminated
_pmiu_daemon(SIGCHLD): [NID 13039] [c17-1c1s7n3] [Wed Feb 12 01:54:16 2014] PE RANK 3939 exit signal Terminated
_pmiu_daemon(SIGCHLD): [NID 08388] [c20-1c0s2n0] [Wed Feb 12 01:54:16 2014] PE RANK 6442 exit signal Terminated
_pmiu_daemon(SIGCHLD): [NID 10062] [c23-1c1s7n0] [Wed Feb 12 01:54:16 2014] PE RANK 4245 exit signal Terminated
_pmiu_daemon(SIGCHLD): [NID 11528] [c19-1c2s4n2] [Wed Feb 12 01:54:16 2014] PE RANK 3122 exit signal Terminated
_pmiu_daemon(SIGCHLD): [NID 11360] [c21-3c2s0n0] [Wed Feb 12 01:54:16 2014] PE RANK 178 exit signal Terminated
_pmiu_daemon(SIGCHLD): [NID 13055] [c17-1c2s0n3] [Wed Feb 12 01:54:16 2014] PE RANK 1955 exit signal Terminated
_pmiu_daemon(SIGCHLD): [NID 11446] [c21-1c1s4n0] [Wed Feb 12 01:54:16 2014] PE RANK 4560 exit signal Terminated
_pmiu_daemon(SIGCHLD): [NID 11435] [c21-1c2s5n1] [Wed Feb 12 01:54:16 2014] PE RANK 3365 exit signal Terminated
_pmiu_daemon(SIGCHLD): [NID 11444] [c21-1c1s5n0] [Wed Feb 12 01:54:16 2014] PE RANK 4601 exit signal Terminated
_pmiu_daemon(SIGCHLD): [NID 12976] [c17-1c1s7n0] [Wed Feb 12 01:54:16 2014] PE RANK 3900 exit signal Terminated
_pmiu_daemon(SIGCHLD): [NID 11667] [c19-3c2s6n1] [Wed Feb 12 01:54:16 2014] PE RANK 1707 exit signal Terminated
_pmiu_daemon(SIGCHLD): [NID 11511] [c21-1c2s4n3] [Wed Feb 12 01:54:16 2014] PE RANK 3233 exit signal Terminated
